Archive member included to satisfy reference by file (symbol)

/home/grzegorz/st/stm32cubeide_1.9.0_2/plugins/com.st.stm32cube.ide.mcu.externaltools.gnu-tools-for-stm32.10.3-2021.10.linux64_1.0.0.202111181127/tools/bin/../lib/gcc/arm-none-eabi/10.3.1/../../../../arm-none-eabi/lib/thumb/v7e-m+fp/hard/libc_nano.a(lib_a-errno.o)
                              ./Core/Src/syscalls.o (__errno)
/home/grzegorz/st/stm32cubeide_1.9.0_2/plugins/com.st.stm32cube.ide.mcu.externaltools.gnu-tools-for-stm32.10.3-2021.10.linux64_1.0.0.202111181127/tools/bin/../lib/gcc/arm-none-eabi/10.3.1/../../../../arm-none-eabi/lib/thumb/v7e-m+fp/hard/libc_nano.a(lib_a-exit.o)
                              /home/grzegorz/st/stm32cubeide_1.9.0_2/plugins/com.st.stm32cube.ide.mcu.externaltools.gnu-tools-for-stm32.10.3-2021.10.linux64_1.0.0.202111181127/tools/bin/../lib/gcc/arm-none-eabi/10.3.1/../../../../arm-none-eabi/lib/thumb/v7e-m+fp/hard/crt0.o (exit)
/home/grzegorz/st/stm32cubeide_1.9.0_2/plugins/com.st.stm32cube.ide.mcu.externaltools.gnu-tools-for-stm32.10.3-2021.10.linux64_1.0.0.202111181127/tools/bin/../lib/gcc/arm-none-eabi/10.3.1/../../../../arm-none-eabi/lib/thumb/v7e-m+fp/hard/libc_nano.a(lib_a-impure.o)
                              /home/grzegorz/st/stm32cubeide_1.9.0_2/plugins/com.st.stm32cube.ide.mcu.externaltools.gnu-tools-for-stm32.10.3-2021.10.linux64_1.0.0.202111181127/tools/bin/../lib/gcc/arm-none-eabi/10.3.1/../../../../arm-none-eabi/lib/thumb/v7e-m+fp/hard/libc_nano.a(lib_a-exit.o) (_global_impure_ptr)
/home/grzegorz/st/stm32cubeide_1.9.0_2/plugins/com.st.stm32cube.ide.mcu.externaltools.gnu-tools-for-stm32.10.3-2021.10.linux64_1.0.0.202111181127/tools/bin/../lib/gcc/arm-none-eabi/10.3.1/../../../../arm-none-eabi/lib/thumb/v7e-m+fp/hard/libc_nano.a(lib_a-init.o)
                              /home/grzegorz/st/stm32cubeide_1.9.0_2/plugins/com.st.stm32cube.ide.mcu.externaltools.gnu-tools-for-stm32.10.3-2021.10.linux64_1.0.0.202111181127/tools/bin/../lib/gcc/arm-none-eabi/10.3.1/../../../../arm-none-eabi/lib/thumb/v7e-m+fp/hard/crt0.o (__libc_init_array)
/home/grzegorz/st/stm32cubeide_1.9.0_2/plugins/com.st.stm32cube.ide.mcu.externaltools.gnu-tools-for-stm32.10.3-2021.10.linux64_1.0.0.202111181127/tools/bin/../lib/gcc/arm-none-eabi/10.3.1/../../../../arm-none-eabi/lib/thumb/v7e-m+fp/hard/libc_nano.a(lib_a-malloc.o)
                              ./Middlewares/ST/STM32_USB_Device_Library/Class/CDC/Src/usbd_cdc.o (malloc)
/home/grzegorz/st/stm32cubeide_1.9.0_2/plugins/com.st.stm32cube.ide.mcu.externaltools.gnu-tools-for-stm32.10.3-2021.10.linux64_1.0.0.202111181127/tools/bin/../lib/gcc/arm-none-eabi/10.3.1/../../../../arm-none-eabi/lib/thumb/v7e-m+fp/hard/libc_nano.a(lib_a-memset.o)
                              /home/grzegorz/st/stm32cubeide_1.9.0_2/plugins/com.st.stm32cube.ide.mcu.externaltools.gnu-tools-for-stm32.10.3-2021.10.linux64_1.0.0.202111181127/tools/bin/../lib/gcc/arm-none-eabi/10.3.1/../../../../arm-none-eabi/lib/thumb/v7e-m+fp/hard/crt0.o (memset)
/home/grzegorz/st/stm32cubeide_1.9.0_2/plugins/com.st.stm32cube.ide.mcu.externaltools.gnu-tools-for-stm32.10.3-2021.10.linux64_1.0.0.202111181127/tools/bin/../lib/gcc/arm-none-eabi/10.3.1/../../../../arm-none-eabi/lib/thumb/v7e-m+fp/hard/libc_nano.a(lib_a-nano-freer.o)
                              /home/grzegorz/st/stm32cubeide_1.9.0_2/plugins/com.st.stm32cube.ide.mcu.externaltools.gnu-tools-for-stm32.10.3-2021.10.linux64_1.0.0.202111181127/tools/bin/../lib/gcc/arm-none-eabi/10.3.1/../../../../arm-none-eabi/lib/thumb/v7e-m+fp/hard/libc_nano.a(lib_a-malloc.o) (_free_r)
/home/grzegorz/st/stm32cubeide_1.9.0_2/plugins/com.st.stm32cube.ide.mcu.externaltools.gnu-tools-for-stm32.10.3-2021.10.linux64_1.0.0.202111181127/tools/bin/../lib/gcc/arm-none-eabi/10.3.1/../../../../arm-none-eabi/lib/thumb/v7e-m+fp/hard/libc_nano.a(lib_a-nano-mallocr.o)
                              /home/grzegorz/st/stm32cubeide_1.9.0_2/plugins/com.st.stm32cube.ide.mcu.externaltools.gnu-tools-for-stm32.10.3-2021.10.linux64_1.0.0.202111181127/tools/bin/../lib/gcc/arm-none-eabi/10.3.1/../../../../arm-none-eabi/lib/thumb/v7e-m+fp/hard/libc_nano.a(lib_a-malloc.o) (_malloc_r)
/home/grzegorz/st/stm32cubeide_1.9.0_2/plugins/com.st.stm32cube.ide.mcu.externaltools.gnu-tools-for-stm32.10.3-2021.10.linux64_1.0.0.202111181127/tools/bin/../lib/gcc/arm-none-eabi/10.3.1/../../../../arm-none-eabi/lib/thumb/v7e-m+fp/hard/libc_nano.a(lib_a-sbrkr.o)
                              /home/grzegorz/st/stm32cubeide_1.9.0_2/plugins/com.st.stm32cube.ide.mcu.externaltools.gnu-tools-for-stm32.10.3-2021.10.linux64_1.0.0.202111181127/tools/bin/../lib/gcc/arm-none-eabi/10.3.1/../../../../arm-none-eabi/lib/thumb/v7e-m+fp/hard/libc_nano.a(lib_a-nano-mallocr.o) (_sbrk_r)
/home/grzegorz/st/stm32cubeide_1.9.0_2/plugins/com.st.stm32cube.ide.mcu.externaltools.gnu-tools-for-stm32.10.3-2021.10.linux64_1.0.0.202111181127/tools/bin/../lib/gcc/arm-none-eabi/10.3.1/../../../../arm-none-eabi/lib/thumb/v7e-m+fp/hard/libc_nano.a(lib_a-mlock.o)
[...]
Memory Configuration

Name             Origin             Length             Attributes
RAM              0x0000000020000000 0x0000000000050000 xrw
FLASH            0x0000000008000000 0x0000000000100000 xr
*default*        0x0000000000000000 0xffffffffffffffff

Linker script and memory map

LOAD /home/grzegorz/st/stm32cubeide_1.9.0_2/plugins/com.st.stm32cube.ide.mcu.externaltools.gnu-tools-for-stm32.10.3-2021.10.linux64_1.0.0.202111181127/tools/bin/../lib/gcc/arm-none-eabi/10.3.1/thumb/v7e-m+fp/hard/crti.o
LOAD /home/grzegorz/st/stm32cubeide_1.9.0_2/plugins/com.st.stm32cube.ide.mcu.externaltools.gnu-tools-for-stm32.10.3-2021.10.linux64_1.0.0.202111181127/tools/bin/../lib/gcc/arm-none-eabi/10.3.1/thumb/v7e-m+fp/hard/crtbegin.o
LOAD /home/grzegorz/st/stm32cubeide_1.9.0_2/plugins/com.st.stm32cube.ide.mcu.externaltools.gnu-tools-for-stm32.10.3-2021.10.linux64_1.0.0.202111181127/tools/bin/../lib/gcc/arm-none-eabi/10.3.1/../../../../arm-none-eabi/lib/thumb/v7e-m+fp/hard/crt0.o
LOAD ./Core/Src/main.o
LOAD ./Core/Src/stm32f7xx_hal_msp.o
LOAD ./Core/Src/stm32f7xx_hal_timebase_tim.o
LOAD ./Core/Src/stm32f7xx_it.o
LOAD ./Core/Src/syscalls.o
LOAD ./Core/Src/sysmem.o
LOAD ./Core/Src/system_stm32f7xx.o
LOAD ./Core/Startup/startup_stm32f746nghx.o
LOAD ./Drivers/STM32F7xx_HAL_Driver/Src/stm32f7xx_hal.o
LOAD ./Drivers/STM32F7xx_HAL_Driver/Src/stm32f7xx_hal_cortex.o
LOAD ./Drivers/STM32F7xx_HAL_Driver/Src/stm32f7xx_hal_dcmi.o
LOAD ./Drivers/STM32F7xx_HAL_Driver/Src/stm32f7xx_hal_dcmi_ex.o
LOAD ./Drivers/STM32F7xx_HAL_Driver/Src/stm32f7xx_hal_dma.o
LOAD ./Drivers/STM32F7xx_HAL_Driver/Src/stm32f7xx_hal_dma_ex.o
LOAD ./Drivers/STM32F7xx_HAL_Driver/Src/stm32f7xx_hal_exti.o
LOAD ./Drivers/STM32F7xx_HAL_Driver/Src/stm32f7xx_hal_flash.o
LOAD ./Drivers/STM32F7xx_HAL_Driver/Src/stm32f7xx_hal_flash_ex.o
LOAD ./Drivers/STM32F7xx_HAL_Driver/Src/stm32f7xx_hal_gpio.o
LOAD ./Drivers/STM32F7xx_HAL_Driver/Src/stm32f7xx_hal_i2c.o
LOAD ./Drivers/STM32F7xx_HAL_Driver/Src/stm32f7xx_hal_i2c_ex.o
LOAD ./Drivers/STM32F7xx_HAL_Driver/Src/stm32f7xx_hal_pcd.o
LOAD ./Drivers/STM32F7xx_HAL_Driver/Src/stm32f7xx_hal_pcd_ex.o
LOAD ./Drivers/STM32F7xx_HAL_Driver/Src/stm32f7xx_hal_pwr.o
LOAD ./Drivers/STM32F7xx_HAL_Driver/Src/stm32f7xx_hal_pwr_ex.o
LOAD ./Drivers/STM32F7xx_HAL_Driver/Src/stm32f7xx_hal_rcc.o
LOAD ./Drivers/STM32F7xx_HAL_Driver/Src/stm32f7xx_hal_rcc_ex.o
LOAD ./Drivers/STM32F7xx_HAL_Driver/Src/stm32f7xx_hal_tim.o
LOAD ./Drivers/STM32F7xx_HAL_Driver/Src/stm32f7xx_hal_tim_ex.o
LOAD ./Drivers/STM32F7xx_HAL_Driver/Src/stm32f7xx_ll_usb.o
LOAD ./Middlewares/ST/STM32_USB_Device_Library/Class/CDC/Src/usbd_cdc.o
LOAD ./Middlewares/ST/STM32_USB_Device_Library/Core/Src/usbd_core.o
LOAD ./Middlewares/ST/STM32_USB_Device_Library/Core/Src/usbd_ctlreq.o
LOAD ./Middlewares/ST/STM32_USB_Device_Library/Core/Src/usbd_ioreq.o
LOAD ./USB_DEVICE/App/usb_device.o
LOAD ./USB_DEVICE/App/usbd_cdc_if.o
LOAD ./USB_DEVICE/App/usbd_desc.o
LOAD ./USB_DEVICE/Target/usbd_conf.o
START GROUP
LOAD /home/grzegorz/st/stm32cubeide_1.9.0_2/plugins/com.st.stm32cube.ide.mcu.externaltools.gnu-tools-for-stm32.10.3-2021.10.linux64_1.0.0.202111181127/tools/bin/../lib/gcc/arm-none-eabi/10.3.1/../../../../arm-none-eabi/lib/thumb/v7e-m+fp/hard/libc_nano.a
LOAD /home/grzegorz/st/stm32cubeide_1.9.0_2/plugins/com.st.stm32cube.ide.mcu.externaltools.gnu-tools-for-stm32.10.3-2021.10.linux64_1.0.0.202111181127/tools/bin/../lib/gcc/arm-none-eabi/10.3.1/../../../../arm-none-eabi/lib/thumb/v7e-m+fp/hard/libm.a
END GROUP
START GROUP
LOAD /home/grzegorz/st/stm32cubeide_1.9.0_2/plugins/com.st.stm32cube.ide.mcu.externaltools.gnu-tools-for-stm32.10.3-2021.10.linux64_1.0.0.202111181127/tools/bin/../lib/gcc/arm-none-eabi/10.3.1/thumb/v7e-m+fp/hard/libgcc.a
LOAD /home/grzegorz/st/stm32cubeide_1.9.0_2/plugins/com.st.stm32cube.ide.mcu.externaltools.gnu-tools-for-stm32.10.3-2021.10.linux64_1.0.0.202111181127/tools/bin/../lib/gcc/arm-none-eabi/10.3.1/../../../../arm-none-eabi/lib/thumb/v7e-m+fp/hard/libc_nano.a
END GROUP
START GROUP
LOAD /home/grzegorz/st/stm32cubeide_1.9.0_2/plugins/com.st.stm32cube.ide.mcu.externaltools.gnu-tools-for-stm32.10.3-2021.10.linux64_1.0.0.202111181127/tools/bin/../lib/gcc/arm-none-eabi/10.3.1/thumb/v7e-m+fp/hard/libgcc.a
LOAD /home/grzegorz/st/stm32cubeide_1.9.0_2/plugins/com.st.stm32cube.ide.mcu.externaltools.gnu-tools-for-stm32.10.3-2021.10.linux64_1.0.0.202111181127/tools/bin/../lib/gcc/arm-none-eabi/10.3.1/../../../../arm-none-eabi/lib/thumb/v7e-m+fp/hard/libc_nano.a
LOAD /home/grzegorz/st/stm32cubeide_1.9.0_2/plugins/com.st.stm32cube.ide.mcu.externaltools.gnu-tools-for-stm32.10.3-2021.10.linux64_1.0.0.202111181127/tools/bin/../lib/gcc/arm-none-eabi/10.3.1/../../../../arm-none-eabi/lib/thumb/v7e-m+fp/hard/libnosys.a
END GROUP
START GROUP
LOAD /home/grzegorz/st/stm32cubeide_1.9.0_2/plugins/com.st.stm32cube.ide.mcu.externaltools.gnu-tools-for-stm32.10.3-2021.10.linux64_1.0.0.202111181127/tools/bin/../lib/gcc/arm-none-eabi/10.3.1/thumb/v7e-m+fp/hard/libgcc.a
LOAD /home/grzegorz/st/stm32cubeide_1.9.0_2/plugins/com.st.stm32cube.ide.mcu.externaltools.gnu-tools-for-stm32.10.3-2021.10.linux64_1.0.0.202111181127/tools/bin/../lib/gcc/arm-none-eabi/10.3.1/../../../../arm-none-eabi/lib/thumb/v7e-m+fp/hard/libc_nano.a
LOAD /home/grzegorz/st/stm32cubeide_1.9.0_2/plugins/com.st.stm32cube.ide.mcu.externaltools.gnu-tools-for-stm32.10.3-2021.10.linux64_1.0.0.202111181127/tools/bin/../lib/gcc/arm-none-eabi/10.3.1/../../../../arm-none-eabi/lib/thumb/v7e-m+fp/hard/libnosys.a
END GROUP
LOAD /home/grzegorz/st/stm32cubeide_1.9.0_2/plugins/com.st.stm32cube.ide.mcu.externaltools.gnu-tools-for-stm32.10.3-2021.10.linux64_1.0.0.202111181127/tools/bin/../lib/gcc/arm-none-eabi/10.3.1/thumb/v7e-m+fp/hard/crtend.o
LOAD /home/grzegorz/st/stm32cubeide_1.9.0_2/plugins/com.st.stm32cube.ide.mcu.externaltools.gnu-tools-for-stm32.10.3-2021.10.linux64_1.0.0.202111181127/tools/bin/../lib/gcc/arm-none-eabi/10.3.1/thumb/v7e-m+fp/hard/crtn.o
                0x0000000020050000                _estack = (ORIGIN (RAM) + LENGTH (RAM))
                0x0000000000000200                _Min_Heap_Size = 0x200
                0x0000000000000400                _Min_Stack_Size = 0x400

.isr_vector     0x0000000008000000      0x1c8
                0x0000000008000000                . = ALIGN (0x4)
 *(.isr_vector)
 .isr_vector    0x0000000008000000      0x1c8 ./Core/Startup/startup_stm32f746nghx.o
                0x0000000008000000                g_pfnVectors
                0x00000000080001c8                . = ALIGN (0x4)

.text           0x00000000080001c8     0x42ec
                0x00000000080001c8                . = ALIGN (0x4)
 *(.text)
 .text          0x00000000080001c8       0x40 /home/grzegorz/st/stm32cubeide_1.9.0_2/plugins/com.st.stm32cube.ide.mcu.externaltools.gnu-tools-for-stm32.10.3-2021.10.linux64_1.0.0.202111181127/tools/bin/../lib/gcc/arm-none-eabi/10.3.1/thumb/v7e-m+fp/hard/crtbegin.o
 .text          0x0000000008000208       0x30 /home/grzegorz/st/stm32cubeide_1.9.0_2/plugins/com.st.stm32cube.ide.mcu.externaltools.gnu-tools-for-stm32.10.3-2021.10.linux64_1.0.0.202111181127/tools/bin/../lib/gcc/arm-none-eabi/10.3.1/thumb/v7e-m+fp/hard/libgcc.a(_aeabi_uldivmod.o)
                0x0000000008000208                __aeabi_uldivmod
 .text          0x0000000008000238      0x2d0 /home/grzegorz/st/stm32cubeide_1.9.0_2/plugins/com.st.stm32cube.ide.mcu.externaltools.gnu-tools-for-stm32.10.3-2021.10.linux64_1.0.0.202111181127/tools/bin/../lib/gcc/arm-none-eabi/10.3.1/thumb/v7e-m+fp/hard/libgcc.a(_udivmoddi4.o)
                0x0000000008000238                __udivmoddi4
 .text          0x0000000008000508        0x4 /home/grzegorz/st/stm32cubeide_1.9.0_2/plugins/com.st.stm32cube.ide.mcu.externaltools.gnu-tools-for-stm32.10.3-2021.10.linux64_1.0.0.202111181127/tools/bin/../lib/gcc/arm-none-eabi/10.3.1/thumb/v7e-m+fp/hard/libgcc.a(_dvmd_tls.o)
                0x0000000008000508                __aeabi_ldiv0
                0x0000000008000508                __aeabi_idiv0
 *(.text*)
 .text.SystemClock_Config
                0x000000000800050c       0xac ./Core/Src/main.o
                0x000000000800050c                SystemClock_Config
 .text.startup.main
                0x00000000080005b8      0x620 ./Core/Src/main.o
                0x00000000080005b8                main
 .text.HAL_TIM_PeriodElapsedCallback
                0x0000000008000bd8       0x14 ./Core/Src/main.o
                0x0000000008000bd8                HAL_TIM_PeriodElapsedCallback
 .text.Error_Handler
                0x0000000008000bec        0x4 ./Core/Src/main.o
                0x0000000008000bec                Error_Handler
 .text.HAL_MspInit
                0x0000000008000bf0       0x30 ./Core/Src/stm32f7xx_hal_msp.o
                0x0000000008000bf0                HAL_MspInit
 .text.HAL_DCMI_MspInit
                0x0000000008000c20      0x164 ./Core/Src/stm32f7xx_hal_msp.o
                0x0000000008000c20                HAL_DCMI_MspInit
 .text.HAL_InitTick
                0x0000000008000d84       0x78 ./Core/Src/stm32f7xx_hal_timebase_tim.o
                0x0000000008000d84                HAL_InitTick
 .text.NMI_Handler
                0x0000000008000dfc        0x2 ./Core/Src/stm32f7xx_it.o
                0x0000000008000dfc                NMI_Handler
 .text.HardFault_Handler
                0x0000000008000dfe        0x2 ./Core/Src/stm32f7xx_it.o
                0x0000000008000dfe                HardFault_Handler
 .text.MemManage_Handler
                0x0000000008000e00        0x2 ./Core/Src/stm32f7xx_it.o
                0x0000000008000e00                MemManage_Handler
 .text.BusFault_Handler
                0x0000000008000e02        0x2 ./Core/Src/stm32f7xx_it.o
                0x0000000008000e02                BusFault_Handler
 .text.UsageFault_Handler
                0x0000000008000e04        0x2 ./Core/Src/stm32f7xx_it.o
                0x0000000008000e04                UsageFault_Handler
 .text.SVC_Handler
                0x0000000008000e06        0x2 ./Core/Src/stm32f7xx_it.o
                0x0000000008000e06                SVC_Handler
 .text.DebugMon_Handler
                0x0000000008000e08        0x2 ./Core/Src/stm32f7xx_it.o
                0x0000000008000e08                DebugMon_Handler
 .text.PendSV_Handler
                0x0000000008000e0a        0x2 ./Core/Src/stm32f7xx_it.o
                0x0000000008000e0a                PendSV_Handler
 .text.SysTick_Handler
                0x0000000008000e0c        0x2 ./Core/Src/stm32f7xx_it.o
                0x0000000008000e0c                SysTick_Handler
 *fill*         0x0000000008000e0e        0x2 
 .text.TIM6_DAC_IRQHandler
                0x0000000008000e10        0xc ./Core/Src/stm32f7xx_it.o
                0x0000000008000e10                TIM6_DAC_IRQHandler
 .text.DMA2_Stream1_IRQHandler
                0x0000000008000e1c        0xc ./Core/Src/stm32f7xx_it.o
                0x0000000008000e1c                DMA2_Stream1_IRQHandler
 .text.OTG_HS_IRQHandler
                0x0000000008000e28        0xc ./Core/Src/stm32f7xx_it.o
                0x0000000008000e28                OTG_HS_IRQHandler
 .text._sbrk    0x0000000008000e34       0x40 ./Core/Src/sysmem.o
                0x0000000008000e34                _sbrk
 .text.SystemInit
                0x0000000008000e74       0x14 ./Core/Src/system_stm32f7xx.o
                0x0000000008000e74                SystemInit
 .text.Reset_Handler
                0x0000000008000e88       0x50 ./Core/Startup/startup_stm32f746nghx.o
                0x0000000008000e88                Reset_Handler
 .text.Default_Handler
                0x0000000008000ed8        0x2 ./Core/Startup/startup_stm32f746nghx.o
                0x0000000008000ed8                RTC_Alarm_IRQHandler
                0x0000000008000ed8                EXTI2_IRQHandler
                0x0000000008000ed8                TIM8_CC_IRQHandler
                0x0000000008000ed8                UART8_IRQHandler
                0x0000000008000ed8                SPI4_IRQHandler
                0x0000000008000ed8                TIM1_CC_IRQHandler
                0x0000000008000ed8                DMA2_Stream5_IRQHandler
                0x0000000008000ed8                DMA1_Stream5_IRQHandler
                0x0000000008000ed8                PVD_IRQHandler
                0x0000000008000ed8                TAMP_STAMP_IRQHandler
                0x0000000008000ed8                CAN2_RX1_IRQHandler
                0x0000000008000ed8                EXTI3_IRQHandler
                0x0000000008000ed8                TIM8_TRG_COM_TIM14_IRQHandler
                0x0000000008000ed8                TIM1_UP_TIM10_IRQHandler
                0x0000000008000ed8                TIM8_UP_TIM13_IRQHandler
                0x0000000008000ed8                I2C3_ER_IRQHandler
                0x0000000008000ed8                EXTI0_IRQHandler
                0x0000000008000ed8                I2C2_EV_IRQHandler
                0x0000000008000ed8                DMA1_Stream2_IRQHandler
                0x0000000008000ed8                CAN1_RX0_IRQHandler
                0x0000000008000ed8                FPU_IRQHandler
                0x0000000008000ed8                OTG_HS_WKUP_IRQHandler
                0x0000000008000ed8                LTDC_ER_IRQHandler
                0x0000000008000ed8                CAN2_SCE_IRQHandler
                0x0000000008000ed8                DMA2_Stream2_IRQHandler
                0x0000000008000ed8                SPI1_IRQHandler
                0x0000000008000ed8                TIM1_BRK_TIM9_IRQHandler
                0x0000000008000ed8                DCMI_IRQHandler
                0x0000000008000ed8                CAN2_RX0_IRQHandler
                0x0000000008000ed8                DMA2_Stream3_IRQHandler
                0x0000000008000ed8                SAI2_IRQHandler
                0x0000000008000ed8                USART6_IRQHandler
                0x0000000008000ed8                USART3_IRQHandler
                0x0000000008000ed8                CAN1_RX1_IRQHandler
                0x0000000008000ed8                UART5_IRQHandler
                0x0000000008000ed8                DMA2_Stream0_IRQHandler
                0x0000000008000ed8                TIM4_IRQHandler
                0x0000000008000ed8                QUADSPI_IRQHandler
                0x0000000008000ed8                I2C1_EV_IRQHandler
                0x0000000008000ed8                DMA1_Stream6_IRQHandler
                0x0000000008000ed8                DMA1_Stream1_IRQHandler
                0x0000000008000ed8                UART4_IRQHandler
                0x0000000008000ed8                TIM3_IRQHandler
                0x0000000008000ed8                RCC_IRQHandler
                0x0000000008000ed8                TIM8_BRK_TIM12_IRQHandler
                0x0000000008000ed8                Default_Handler
                0x0000000008000ed8                CEC_IRQHandler
                0x0000000008000ed8                EXTI15_10_IRQHandler
                0x0000000008000ed8                ADC_IRQHandler
                0x0000000008000ed8                DMA1_Stream7_IRQHandler
                0x0000000008000ed8                SPI5_IRQHandler
                0x0000000008000ed8                TIM7_IRQHandler
                0x0000000008000ed8                SDMMC1_IRQHandler
                0x0000000008000ed8                CAN2_TX_IRQHandler
                0x0000000008000ed8                TIM5_IRQHandler
                0x0000000008000ed8                DMA2_Stream7_IRQHandler
                0x0000000008000ed8                I2C3_EV_IRQHandler
                0x0000000008000ed8                EXTI9_5_IRQHandler
                0x0000000008000ed8                RTC_WKUP_IRQHandler
                0x0000000008000ed8                LTDC_IRQHandler
                0x0000000008000ed8                ETH_WKUP_IRQHandler
                0x0000000008000ed8                SPDIF_RX_IRQHandler
                0x0000000008000ed8                SPI2_IRQHandler
                0x0000000008000ed8                OTG_HS_EP1_IN_IRQHandler
                0x0000000008000ed8                DMA1_Stream0_IRQHandler
                0x0000000008000ed8                CAN1_TX_IRQHandler
                0x0000000008000ed8                EXTI4_IRQHandler
                0x0000000008000ed8                RNG_IRQHandler
                0x0000000008000ed8                ETH_IRQHandler
                0x0000000008000ed8                OTG_HS_EP1_OUT_IRQHandler
                0x0000000008000ed8                WWDG_IRQHandler
                0x0000000008000ed8                SPI6_IRQHandler
                0x0000000008000ed8                I2C4_EV_IRQHandler
                0x0000000008000ed8                TIM2_IRQHandler
                0x0000000008000ed8                OTG_FS_WKUP_IRQHandler
                0x0000000008000ed8                TIM1_TRG_COM_TIM11_IRQHandler
                0x0000000008000ed8                DMA2D_IRQHandler
                0x0000000008000ed8                EXTI1_IRQHandler
                0x0000000008000ed8                UART7_IRQHandler
                0x0000000008000ed8                USART2_IRQHandler
                0x0000000008000ed8                I2C2_ER_IRQHandler
                0x0000000008000ed8                CAN1_SCE_IRQHandler
                0x0000000008000ed8                FLASH_IRQHandler
                0x0000000008000ed8                DMA2_Stream4_IRQHandler
                0x0000000008000ed8                USART1_IRQHandler
                0x0000000008000ed8                OTG_FS_IRQHandler
                0x0000000008000ed8                SPI3_IRQHandler
                0x0000000008000ed8                DMA1_Stream4_IRQHandler
                0x0000000008000ed8                I2C1_ER_IRQHandler
                0x0000000008000ed8                FMC_IRQHandler
                0x0000000008000ed8                LPTIM1_IRQHandler
                0x0000000008000ed8                I2C4_ER_IRQHandler
                0x0000000008000ed8                DMA2_Stream6_IRQHandler
                0x0000000008000ed8                SAI1_IRQHandler
                0x0000000008000ed8                DMA1_Stream3_IRQHandler
 .text.HAL_Init
                0x0000000008000eda       0x16 ./Drivers/STM32F7xx_HAL_Driver/Src/stm32f7xx_hal.o
                0x0000000008000eda                HAL_Init
 .text.HAL_IncTick
                0x0000000008000ef0       0x18 ./Drivers/STM32F7xx_HAL_Driver/Src/stm32f7xx_hal.o
                0x0000000008000ef0                HAL_IncTick
 .text.HAL_GetTick
                0x0000000008000f08        0xc ./Drivers/STM32F7xx_HAL_Driver/Src/stm32f7xx_hal.o
                0x0000000008000f08                HAL_GetTick
 .text.HAL_Delay
                0x0000000008000f14       0x24 ./Drivers/STM32F7xx_HAL_Driver/Src/stm32f7xx_hal.o
                0x0000000008000f14                HAL_Delay
 .text.HAL_NVIC_SetPriorityGrouping
                0x0000000008000f38       0x24 ./Drivers/STM32F7xx_HAL_Driver/Src/stm32f7xx_hal_cortex.o
                0x0000000008000f38                HAL_NVIC_SetPriorityGrouping
 .text.HAL_NVIC_SetPriority
                0x0000000008000f5c       0x64 ./Drivers/STM32F7xx_HAL_Driver/Src/stm32f7xx_hal_cortex.o
                0x0000000008000f5c                HAL_NVIC_SetPriority
 .text.HAL_NVIC_EnableIRQ
                0x0000000008000fc0       0x1c ./Drivers/STM32F7xx_HAL_Driver/Src/stm32f7xx_hal_cortex.o
                0x0000000008000fc0                HAL_NVIC_EnableIRQ
 .text.HAL_DCMI_Init
                0x0000000008000fdc       0x90 ./Drivers/STM32F7xx_HAL_Driver/Src/stm32f7xx_hal_dcmi.o
                0x0000000008000fdc                HAL_DCMI_Init
 .text.DMA_CalcBaseAndBitshift
                0x000000000800106c       0x2c ./Drivers/STM32F7xx_HAL_Driver/Src/stm32f7xx_hal_dma.o
 .text.HAL_DMA_Init
                0x0000000008001098      0x100 ./Drivers/STM32F7xx_HAL_Driver/Src/stm32f7xx_hal_dma.o
                0x0000000008001098                HAL_DMA_Init
 .text.HAL_DMA_IRQHandler
                0x0000000008001198      0x17c ./Drivers/STM32F7xx_HAL_Driver/Src/stm32f7xx_hal_dma.o
                0x0000000008001198                HAL_DMA_IRQHandler
 .text.HAL_GPIO_Init
                0x0000000008001314      0x1c8 ./Drivers/STM32F7xx_HAL_Driver/Src/stm32f7xx_hal_gpio.o
                0x0000000008001314                HAL_GPIO_Init
 .text.HAL_GPIO_WritePin
                0x00000000080014dc        0xa ./Drivers/STM32F7xx_HAL_Driver/Src/stm32f7xx_hal_gpio.o
                0x00000000080014dc                HAL_GPIO_WritePin
 .text.HAL_PCD_Init
                0x00000000080014e6      0x112 ./Drivers/STM32F7xx_HAL_Driver/Src/stm32f7xx_hal_pcd.o
                0x00000000080014e6                HAL_PCD_Init
 .text.HAL_PCD_Start
                0x00000000080015f8       0x2a ./Drivers/STM32F7xx_HAL_Driver/Src/stm32f7xx_hal_pcd.o
                0x00000000080015f8                HAL_PCD_Start
 *fill*         0x0000000008001622        0x2 
 .text.HAL_PCD_IRQHandler
                0x0000000008001624      0x590 ./Drivers/STM32F7xx_HAL_Driver/Src/stm32f7xx_hal_pcd.o
                0x0000000008001624                HAL_PCD_IRQHandler
 .text.HAL_PCD_SetAddress
                0x0000000008001bb4       0x28 ./Drivers/STM32F7xx_HAL_Driver/Src/stm32f7xx_hal_pcd.o
                0x0000000008001bb4                HAL_PCD_SetAddress
 .text.HAL_PCD_EP_Open
                0x0000000008001bdc       0x70 ./Drivers/STM32F7xx_HAL_Driver/Src/stm32f7xx_hal_pcd.o
                0x0000000008001bdc                HAL_PCD_EP_Open
 .text.HAL_PCD_EP_Close
                0x0000000008001c4c       0x5e ./Drivers/STM32F7xx_HAL_Driver/Src/stm32f7xx_hal_pcd.o
                0x0000000008001c4c                HAL_PCD_EP_Close
 .text.HAL_PCD_EP_Receive
                0x0000000008001caa       0x48 ./Drivers/STM32F7xx_HAL_Driver/Src/stm32f7xx_hal_pcd.o
                0x0000000008001caa                HAL_PCD_EP_Receive
 .text.HAL_PCD_EP_GetRxCount
                0x0000000008001cf2       0x10 ./Drivers/STM32F7xx_HAL_Driver/Src/stm32f7xx_hal_pcd.o
                0x0000000008001cf2                HAL_PCD_EP_GetRxCount
 .text.HAL_PCD_EP_Transmit
                0x0000000008001d02       0x40 ./Drivers/STM32F7xx_HAL_Driver/Src/stm32f7xx_hal_pcd.o
                0x0000000008001d02                HAL_PCD_EP_Transmit
 .text.HAL_PCD_EP_SetStall
                0x0000000008001d42       0x70 ./Drivers/STM32F7xx_HAL_Driver/Src/stm32f7xx_hal_pcd.o
                0x0000000008001d42                HAL_PCD_EP_SetStall
 .text.HAL_PCD_EP_ClrStall
                0x0000000008001db2       0x6c ./Drivers/STM32F7xx_HAL_Driver/Src/stm32f7xx_hal_pcd.o
                0x0000000008001db2                HAL_PCD_EP_ClrStall
 .text.HAL_PCDEx_SetTxFiFo
                0x0000000008001e1e       0x40 ./Drivers/STM32F7xx_HAL_Driver/Src/stm32f7xx_hal_pcd_ex.o
                0x0000000008001e1e                HAL_PCDEx_SetTxFiFo
 .text.HAL_PCDEx_SetRxFiFo
                0x0000000008001e5e        0x8 ./Drivers/STM32F7xx_HAL_Driver/Src/stm32f7xx_hal_pcd_ex.o
                0x0000000008001e5e                HAL_PCDEx_SetRxFiFo
 .text.HAL_PCDEx_ActivateLPM
                0x0000000008001e66       0x26 ./Drivers/STM32F7xx_HAL_Driver/Src/stm32f7xx_hal_pcd_ex.o
                0x0000000008001e66                HAL_PCDEx_ActivateLPM
 .text.HAL_PWR_EnableBkUpAccess
                0x0000000008001e8c       0x10 ./Drivers/STM32F7xx_HAL_Driver/Src/stm32f7xx_hal_pwr.o
                0x0000000008001e8c                HAL_PWR_EnableBkUpAccess
 .text.HAL_PWREx_EnableOverDrive
                0x0000000008001e9c       0x70 ./Drivers/STM32F7xx_HAL_Driver/Src/stm32f7xx_hal_pwr_ex.o
                0x0000000008001e9c                HAL_PWREx_EnableOverDrive
 .text.HAL_RCC_OscConfig
                0x0000000008001f0c      0x37c ./Drivers/STM32F7xx_HAL_Driver/Src/stm32f7xx_hal_rcc.o
                0x0000000008001f0c                HAL_RCC_OscConfig
 .text.HAL_RCC_GetSysClockFreq
                0x0000000008002288       0x5c ./Drivers/STM32F7xx_HAL_Driver/Src/stm32f7xx_hal_rcc.o
                0x0000000008002288                HAL_RCC_GetSysClockFreq
 .text.HAL_RCC_ClockConfig
                0x00000000080022e4      0x140 ./Drivers/STM32F7xx_HAL_Driver/Src/stm32f7xx_hal_rcc.o
                0x00000000080022e4                HAL_RCC_ClockConfig
 .text.HAL_RCC_GetHCLKFreq
                0x0000000008002424        0xc ./Drivers/STM32F7xx_HAL_Driver/Src/stm32f7xx_hal_rcc.o
                0x0000000008002424                HAL_RCC_GetHCLKFreq
 .text.HAL_RCC_GetPCLK1Freq
                0x0000000008002430       0x20 ./Drivers/STM32F7xx_HAL_Driver/Src/stm32f7xx_hal_rcc.o
                0x0000000008002430                HAL_RCC_GetPCLK1Freq
 .text.HAL_RCC_GetClockConfig
                0x0000000008002450       0x3c ./Drivers/STM32F7xx_HAL_Driver/Src/stm32f7xx_hal_rcc.o
                0x0000000008002450                HAL_RCC_GetClockConfig
 .text.HAL_TIM_Base_MspInit
                0x000000000800248c        0x2 ./Drivers/STM32F7xx_HAL_Driver/Src/stm32f7xx_hal_tim.o
                0x000000000800248c                HAL_TIM_Base_MspInit
 *fill*         0x000000000800248e        0x2 
 .text.HAL_TIM_Base_Start_IT
                0x0000000008002490       0x7c ./Drivers/STM32F7xx_HAL_Driver/Src/stm32f7xx_hal_tim.o
                0x0000000008002490                HAL_TIM_Base_Start_IT
 .text.HAL_TIM_OC_DelayElapsedCallback
                0x000000000800250c        0x2 ./Drivers/STM32F7xx_HAL_Driver/Src/stm32f7xx_hal_tim.o
                0x000000000800250c                HAL_TIM_OC_DelayElapsedCallback
 .text.HAL_TIM_IC_CaptureCallback
                0x000000000800250e        0x2 ./Drivers/STM32F7xx_HAL_Driver/Src/stm32f7xx_hal_tim.o
                0x000000000800250e                HAL_TIM_IC_CaptureCallback
 .text.HAL_TIM_PWM_PulseFinishedCallback
                0x0000000008002510        0x2 ./Drivers/STM32F7xx_HAL_Driver/Src/stm32f7xx_hal_tim.o
                0x0000000008002510                HAL_TIM_PWM_PulseFinishedCallback
 .text.HAL_TIM_TriggerCallback
                0x0000000008002512        0x2 ./Drivers/STM32F7xx_HAL_Driver/Src/stm32f7xx_hal_tim.o
                0x0000000008002512                HAL_TIM_TriggerCallback
 .text.HAL_TIM_IRQHandler
                0x0000000008002514      0x160 ./Drivers/STM32F7xx_HAL_Driver/Src/stm32f7xx_hal_tim.o
                0x0000000008002514                HAL_TIM_IRQHandler
 .text.TIM_Base_SetConfig
                0x0000000008002674       0xcc ./Drivers/STM32F7xx_HAL_Driver/Src/stm32f7xx_hal_tim.o
                0x0000000008002674                TIM_Base_SetConfig
 .text.HAL_TIM_Base_Init
                0x0000000008002740       0x60 ./Drivers/STM32F7xx_HAL_Driver/Src/stm32f7xx_hal_tim.o
                0x0000000008002740                HAL_TIM_Base_Init
 .text.HAL_TIMEx_CommutCallback
                0x00000000080027a0        0x2 ./Drivers/STM32F7xx_HAL_Driver/Src/stm32f7xx_hal_tim_ex.o
                0x00000000080027a0                HAL_TIMEx_CommutCallback
 .text.HAL_TIMEx_BreakCallback
                0x00000000080027a2        0x2 ./Drivers/STM32F7xx_HAL_Driver/Src/stm32f7xx_hal_tim_ex.o
                0x00000000080027a2                HAL_TIMEx_BreakCallback
 .text.HAL_TIMEx_Break2Callback
                0x00000000080027a4        0x2 ./Drivers/STM32F7xx_HAL_Driver/Src/stm32f7xx_hal_tim_ex.o
                0x00000000080027a4                HAL_TIMEx_Break2Callback
 *fill*         0x00000000080027a6        0x2 
 .text.USB_CoreReset
                0x00000000080027a8       0x48 ./Drivers/STM32F7xx_HAL_Driver/Src/stm32f7xx_ll_usb.o
 .text.USB_CoreInit
                0x00000000080027f0       0x76 ./Drivers/STM32F7xx_HAL_Driver/Src/stm32f7xx_ll_usb.o
                0x00000000080027f0                USB_CoreInit
 *fill*         0x0000000008002866        0x2 
 .text.USB_SetTurnaroundTime
                0x0000000008002868       0xe0 ./Drivers/STM32F7xx_HAL_Driver/Src/stm32f7xx_ll_usb.o
                0x0000000008002868                USB_SetTurnaroundTime
 .text.USB_EnableGlobalInt
                0x0000000008002948        0xc ./Drivers/STM32F7xx_HAL_Driver/Src/stm32f7xx_ll_usb.o
                0x0000000008002948                USB_EnableGlobalInt
 .text.USB_DisableGlobalInt
                0x0000000008002954        0xc ./Drivers/STM32F7xx_HAL_Driver/Src/stm32f7xx_ll_usb.o
                0x0000000008002954                USB_DisableGlobalInt
 .text.USB_SetCurrentMode
                0x0000000008002960       0x5c ./Drivers/STM32F7xx_HAL_Driver/Src/stm32f7xx_ll_usb.o
                0x0000000008002960                USB_SetCurrentMode
 .text.USB_FlushTxFifo
                0x00000000080029bc       0x48 ./Drivers/STM32F7xx_HAL_Driver/Src/stm32f7xx_ll_usb.o
                0x00000000080029bc                USB_FlushTxFifo
 .text.USB_FlushRxFifo
                0x0000000008002a04       0x44 ./Drivers/STM32F7xx_HAL_Driver/Src/stm32f7xx_ll_usb.o
                0x0000000008002a04                USB_FlushRxFifo
 .text.USB_SetDevSpeed
                0x0000000008002a48        0xe ./Drivers/STM32F7xx_HAL_Driver/Src/stm32f7xx_ll_usb.o
                0x0000000008002a48                USB_SetDevSpeed
 *fill*         0x0000000008002a56        0x2 
 .text.USB_DevInit
                0x0000000008002a58      0x16c ./Drivers/STM32F7xx_HAL_Driver/Src/stm32f7xx_ll_usb.o
                0x0000000008002a58                USB_DevInit
 .text.USB_GetDevSpeed
                0x0000000008002bc4       0x16 ./Drivers/STM32F7xx_HAL_Driver/Src/stm32f7xx_ll_usb.o
                0x0000000008002bc4                USB_GetDevSpeed
 .text.USB_ActivateEndpoint
                0x0000000008002bda       0x7c ./Drivers/STM32F7xx_HAL_Driver/Src/stm32f7xx_ll_usb.o
                0x0000000008002bda                USB_ActivateEndpoint
 *fill*         0x0000000008002c56        0x2 
 .text.USB_DeactivateEndpoint
                0x0000000008002c58       0xac ./Drivers/STM32F7xx_HAL_Driver/Src/stm32f7xx_ll_usb.o
                0x0000000008002c58                USB_DeactivateEndpoint
 .text.USB_EP0StartXfer
                0x0000000008002d04       0xf4 ./Drivers/STM32F7xx_HAL_Driver/Src/stm32f7xx_ll_usb.o
                0x0000000008002d04                USB_EP0StartXfer
 .text.USB_WritePacket
                0x0000000008002df8       0x26 ./Drivers/STM32F7xx_HAL_Driver/Src/stm32f7xx_ll_usb.o
                0x0000000008002df8                USB_WritePacket
 *fill*         0x0000000008002e1e        0x2 
 .text.USB_EPStartXfer
                0x0000000008002e20      0x1d8 ./Drivers/STM32F7xx_HAL_Driver/Src/stm32f7xx_ll_usb.o
                0x0000000008002e20                USB_EPStartXfer
 .text.USB_ReadPacket
                0x0000000008002ff8       0x40 ./Drivers/STM32F7xx_HAL_Driver/Src/stm32f7xx_ll_usb.o
                0x0000000008002ff8                USB_ReadPacket
 .text.USB_EPSetStall
                0x0000000008003038       0x56 ./Drivers/STM32F7xx_HAL_Driver/Src/stm32f7xx_ll_usb.o
                0x0000000008003038                USB_EPSetStall
 .text.USB_EPClearStall
                0x000000000800308e       0x52 ./Drivers/STM32F7xx_HAL_Driver/Src/stm32f7xx_ll_usb.o
                0x000000000800308e                USB_EPClearStall
 .text.USB_SetDevAddress
                0x00000000080030e0       0x20 ./Drivers/STM32F7xx_HAL_Driver/Src/stm32f7xx_ll_usb.o
                0x00000000080030e0                USB_SetDevAddress
 .text.USB_DevConnect
                0x0000000008003100       0x1c ./Drivers/STM32F7xx_HAL_Driver/Src/stm32f7xx_ll_usb.o
                0x0000000008003100                USB_DevConnect
 .text.USB_DevDisconnect
                0x000000000800311c       0x1c ./Drivers/STM32F7xx_HAL_Driver/Src/stm32f7xx_ll_usb.o
                0x000000000800311c                USB_DevDisconnect
 .text.USB_ReadInterrupts
                0x0000000008003138        0x8 ./Drivers/STM32F7xx_HAL_Driver/Src/stm32f7xx_ll_usb.o
                0x0000000008003138                USB_ReadInterrupts
 .text.USB_ReadDevAllOutEpInterrupt
                0x0000000008003140       0x10 ./Drivers/STM32F7xx_HAL_Driver/Src/stm32f7xx_ll_usb.o
                0x0000000008003140                USB_ReadDevAllOutEpInterrupt
 .text.USB_ReadDevAllInEpInterrupt
                0x0000000008003150       0x10 ./Drivers/STM32F7xx_HAL_Driver/Src/stm32f7xx_ll_usb.o
                0x0000000008003150                USB_ReadDevAllInEpInterrupt
 .text.USB_ReadDevOutEPInterrupt
                0x0000000008003160       0x12 ./Drivers/STM32F7xx_HAL_Driver/Src/stm32f7xx_ll_usb.o
                0x0000000008003160                USB_ReadDevOutEPInterrupt
 .text.USB_ReadDevInEPInterrupt
                0x0000000008003172       0x24 ./Drivers/STM32F7xx_HAL_Driver/Src/stm32f7xx_ll_usb.o
                0x0000000008003172                USB_ReadDevInEPInterrupt
 .text.USB_GetMode
                0x0000000008003196        0x8 ./Drivers/STM32F7xx_HAL_Driver/Src/stm32f7xx_ll_usb.o
                0x0000000008003196                USB_GetMode
 .text.USB_ActivateSetup
                0x000000000800319e       0x20 ./Drivers/STM32F7xx_HAL_Driver/Src/stm32f7xx_ll_usb.o
                0x000000000800319e                USB_ActivateSetup
 *fill*         0x00000000080031be        0x2 
 .text.USB_EP0_OutStart
                0x00000000080031c0       0x4c ./Drivers/STM32F7xx_HAL_Driver/Src/stm32f7xx_ll_usb.o
                0x00000000080031c0                USB_EP0_OutStart
 .text.USBD_CDC_EP0_RxReady
                0x000000000800320c       0x28 ./Middlewares/ST/STM32_USB_Device_Library/Class/CDC/Src/usbd_cdc.o
 .text.USBD_CDC_GetFSCfgDesc
                0x0000000008003234        0xc ./Middlewares/ST/STM32_USB_Device_Library/Class/CDC/Src/usbd_cdc.o
 .text.USBD_CDC_GetHSCfgDesc
                0x0000000008003240        0xc ./Middlewares/ST/STM32_USB_Device_Library/Class/CDC/Src/usbd_cdc.o
 .text.USBD_CDC_GetOtherSpeedCfgDesc
                0x000000000800324c        0xc ./Middlewares/ST/STM32_USB_Device_Library/Class/CDC/Src/usbd_cdc.o
 .text.USBD_CDC_GetDeviceQualifierDescriptor
                0x0000000008003258        0xc ./Middlewares/ST/STM32_USB_Device_Library/Class/CDC/Src/usbd_cdc.o
                0x0000000008003258                USBD_CDC_GetDeviceQualifierDescriptor
 .text.USBD_CDC_DataOut
                0x0000000008003264       0x2a ./Middlewares/ST/STM32_USB_Device_Library/Class/CDC/Src/usbd_cdc.o
 .text.USBD_CDC_DataIn
                0x000000000800328e       0x58 ./Middlewares/ST/STM32_USB_Device_Library/Class/CDC/Src/usbd_cdc.o
 *fill*         0x00000000080032e6        0x2 
 .text.USBD_CDC_Setup
                0x00000000080032e8       0xf0 ./Middlewares/ST/STM32_USB_Device_Library/Class/CDC/Src/usbd_cdc.o
 .text.USBD_CDC_DeInit
                0x00000000080033d8       0x42 ./Middlewares/ST/STM32_USB_Device_Library/Class/CDC/Src/usbd_cdc.o
 .text.USBD_CDC_Init
                0x000000000800341a       0xa6 ./Middlewares/ST/STM32_USB_Device_Library/Class/CDC/Src/usbd_cdc.o
 .text.USBD_CDC_RegisterInterface
                0x00000000080034c0        0xe ./Middlewares/ST/STM32_USB_Device_Library/Class/CDC/Src/usbd_cdc.o
                0x00000000080034c0                USBD_CDC_RegisterInterface
 .text.USBD_CDC_SetTxBuffer
                0x00000000080034ce       0x10 ./Middlewares/ST/STM32_USB_Device_Library/Class/CDC/Src/usbd_cdc.o
                0x00000000080034ce                USBD_CDC_SetTxBuffer
 .text.USBD_CDC_SetRxBuffer
                0x00000000080034de        0xc ./Middlewares/ST/STM32_USB_Device_Library/Class/CDC/Src/usbd_cdc.o
                0x00000000080034de                USBD_CDC_SetRxBuffer
 .text.USBD_CDC_TransmitPacket
                0x00000000080034ea       0x30 ./Middlewares/ST/STM32_USB_Device_Library/Class/CDC/Src/usbd_cdc.o
                0x00000000080034ea                USBD_CDC_TransmitPacket
 .text.USBD_CDC_ReceivePacket
                0x000000000800351a       0x2e ./Middlewares/ST/STM32_USB_Device_Library/Class/CDC/Src/usbd_cdc.o
                0x000000000800351a                USBD_CDC_ReceivePacket
 .text.USBD_Init
                0x0000000008003548       0x30 ./Middlewares/ST/STM32_USB_Device_Library/Core/Src/usbd_core.o
                0x0000000008003548                USBD_Init
 .text.USBD_RegisterClass
                0x0000000008003578       0x26 ./Middlewares/ST/STM32_USB_Device_Library/Core/Src/usbd_core.o
                0x0000000008003578                USBD_RegisterClass
 .text.USBD_Start
                0x000000000800359e        0x4 ./Middlewares/ST/STM32_USB_Device_Library/Core/Src/usbd_core.o
                0x000000000800359e                USBD_Start
 .text.USBD_SetClassConfig
                0x00000000080035a2        0xe ./Middlewares/ST/STM32_USB_Device_Library/Core/Src/usbd_core.o
                0x00000000080035a2                USBD_SetClassConfig
 .text.USBD_ClrClassConfig
                0x00000000080035b0       0x10 ./Middlewares/ST/STM32_USB_Device_Library/Core/Src/usbd_core.o
                0x00000000080035b0                USBD_ClrClassConfig
 .text.USBD_LL_SetupStage
                0x00000000080035c0       0x60 ./Middlewares/ST/STM32_USB_Device_Library/Core/Src/usbd_core.o
                0x00000000080035c0                USBD_LL_SetupStage
 .text.USBD_LL_DataOutStage
                0x0000000008003620       0x64 ./Middlewares/ST/STM32_USB_Device_Library/Core/Src/usbd_core.o
                0x0000000008003620                USBD_LL_DataOutStage
 .text.USBD_LL_DataInStage
                0x0000000008003684       0x9c ./Middlewares/ST/STM32_USB_Device_Library/Core/Src/usbd_core.o
                0x0000000008003684                USBD_LL_DataInStage
 .text.USBD_LL_Reset
                0x0000000008003720       0x50 ./Middlewares/ST/STM32_USB_Device_Library/Core/Src/usbd_core.o
                0x0000000008003720                USBD_LL_Reset
 .text.USBD_LL_SetSpeed
                0x0000000008003770        0x6 ./Middlewares/ST/STM32_USB_Device_Library/Core/Src/usbd_core.o
                0x0000000008003770                USBD_LL_SetSpeed
 .text.USBD_LL_Suspend
                0x0000000008003776       0x12 ./Middlewares/ST/STM32_USB_Device_Library/Core/Src/usbd_core.o
                0x0000000008003776                USBD_LL_Suspend
 .text.USBD_LL_Resume
                0x0000000008003788       0x14 ./Middlewares/ST/STM32_USB_Device_Library/Core/Src/usbd_core.o
                0x0000000008003788                USBD_LL_Resume
 .text.USBD_LL_SOF
                0x000000000800379c       0x18 ./Middlewares/ST/STM32_USB_Device_Library/Core/Src/usbd_core.o
                0x000000000800379c                USBD_LL_SOF
 .text.USBD_LL_IsoINIncomplete
                0x00000000080037b4        0x4 ./Middlewares/ST/STM32_USB_Device_Library/Core/Src/usbd_core.o
                0x00000000080037b4                USBD_LL_IsoINIncomplete
 .text.USBD_LL_IsoOUTIncomplete
                0x00000000080037b8        0x4 ./Middlewares/ST/STM32_USB_Device_Library/Core/Src/usbd_core.o
                0x00000000080037b8                USBD_LL_IsoOUTIncomplete
 .text.USBD_LL_DevConnected
                0x00000000080037bc        0x4 ./Middlewares/ST/STM32_USB_Device_Library/Core/Src/usbd_core.o
                0x00000000080037bc                USBD_LL_DevConnected
 .text.USBD_LL_DevDisconnected
                0x00000000080037c0       0x18 ./Middlewares/ST/STM32_USB_Device_Library/Core/Src/usbd_core.o
                0x00000000080037c0                USBD_LL_DevDisconnected
 .text.USBD_CtlError.constprop.0
                0x00000000080037d8       0x16 ./Middlewares/ST/STM32_USB_Device_Library/Core/Src/usbd_ctlreq.o
 *fill*         0x00000000080037ee        0x2 
 .text.USBD_StdDevReq
                0x00000000080037f0      0x294 ./Middlewares/ST/STM32_USB_Device_Library/Core/Src/usbd_ctlreq.o
                0x00000000080037f0                USBD_StdDevReq
 .text.USBD_StdItfReq
                0x0000000008003a84       0x4c ./Middlewares/ST/STM32_USB_Device_Library/Core/Src/usbd_ctlreq.o
                0x0000000008003a84                USBD_StdItfReq
 .text.USBD_StdEPReq
                0x0000000008003ad0      0x12c ./Middlewares/ST/STM32_USB_Device_Library/Core/Src/usbd_ctlreq.o
                0x0000000008003ad0                USBD_StdEPReq
 .text.USBD_ParseSetupRequest
                0x0000000008003bfc       0x16 ./Middlewares/ST/STM32_USB_Device_Library/Core/Src/usbd_ctlreq.o
                0x0000000008003bfc                USBD_ParseSetupRequest
 .text.USBD_CtlError
                0x0000000008003c12       0x16 ./Middlewares/ST/STM32_USB_Device_Library/Core/Src/usbd_ctlreq.o
                0x0000000008003c12                USBD_CtlError
 .text.USBD_GetString
                0x0000000008003c28       0x38 ./Middlewares/ST/STM32_USB_Device_Library/Core/Src/usbd_ctlreq.o
                0x0000000008003c28                USBD_GetString
 .text.USBD_CtlSendData
                0x0000000008003c60       0x1a ./Middlewares/ST/STM32_USB_Device_Library/Core/Src/usbd_ioreq.o
                0x0000000008003c60                USBD_CtlSendData
 .text.USBD_CtlContinueSendData
                0x0000000008003c7a       0x10 ./Middlewares/ST/STM32_USB_Device_Library/Core/Src/usbd_ioreq.o
                0x0000000008003c7a                USBD_CtlContinueSendData
 .text.USBD_CtlPrepareRx
                0x0000000008003c8a       0x1a ./Middlewares/ST/STM32_USB_Device_Library/Core/Src/usbd_ioreq.o
                0x0000000008003c8a                USBD_CtlPrepareRx
 .text.USBD_CtlContinueRx
                0x0000000008003ca4       0x10 ./Middlewares/ST/STM32_USB_Device_Library/Core/Src/usbd_ioreq.o
                0x0000000008003ca4                USBD_CtlContinueRx
 .text.USBD_CtlSendStatus
                0x0000000008003cb4       0x16 ./Middlewares/ST/STM32_USB_Device_Library/Core/Src/usbd_ioreq.o
                0x0000000008003cb4                USBD_CtlSendStatus
 .text.USBD_CtlReceiveStatus
                0x0000000008003cca       0x16 ./Middlewares/ST/STM32_USB_Device_Library/Core/Src/usbd_ioreq.o
                0x0000000008003cca                USBD_CtlReceiveStatus
 .text.MX_USB_DEVICE_Init
                0x0000000008003ce0       0x50 ./USB_DEVICE/App/usb_device.o
                0x0000000008003ce0                MX_USB_DEVICE_Init
 .text.CDC_DeInit_HS
                0x0000000008003d30        0x4 ./USB_DEVICE/App/usbd_cdc_if.o
 .text.CDC_Control_HS
                0x0000000008003d34        0x4 ./USB_DEVICE/App/usbd_cdc_if.o
 .text.CDC_TransmitCplt_HS
                0x0000000008003d38        0x4 ./USB_DEVICE/App/usbd_cdc_if.o
 .text.CDC_Init_HS
                0x0000000008003d3c       0x28 ./USB_DEVICE/App/usbd_cdc_if.o
 .text.CDC_Transmit_HS
                0x0000000008003d64       0x2c ./USB_DEVICE/App/usbd_cdc_if.o
                0x0000000008003d64                CDC_Transmit_HS
 .text.CDC_Receive_HS
                0x0000000008003d90       0x28 ./USB_DEVICE/App/usbd_cdc_if.o
 .text.USBD_HS_DeviceDescriptor
                0x0000000008003db8        0xc ./USB_DEVICE/App/usbd_desc.o
                0x0000000008003db8                USBD_HS_DeviceDescriptor
 .text.USBD_HS_LangIDStrDescriptor
                0x0000000008003dc4        0xc ./USB_DEVICE/App/usbd_desc.o
                0x0000000008003dc4                USBD_HS_LangIDStrDescriptor
 .text.USBD_HS_USR_BOSDescriptor
                0x0000000008003dd0        0xc ./USB_DEVICE/App/usbd_desc.o
                0x0000000008003dd0                USBD_HS_USR_BOSDescriptor
 .text.IntToUnicode
                0x0000000008003ddc       0x2a ./USB_DEVICE/App/usbd_desc.o
 *fill*         0x0000000008003e06        0x2 
 .text.USBD_HS_SerialStrDescriptor
                0x0000000008003e08       0x3c ./USB_DEVICE/App/usbd_desc.o
                0x0000000008003e08                USBD_HS_SerialStrDescriptor
 .text.USBD_HS_ManufacturerStrDescriptor
                0x0000000008003e44       0x1c ./USB_DEVICE/App/usbd_desc.o
                0x0000000008003e44                USBD_HS_ManufacturerStrDescriptor
 .text.USBD_HS_ProductStrDescriptor
                0x0000000008003e60       0x1c ./USB_DEVICE/App/usbd_desc.o
                0x0000000008003e60                USBD_HS_ProductStrDescriptor
 .text.USBD_HS_ConfigStrDescriptor
                0x0000000008003e7c       0x1c ./USB_DEVICE/App/usbd_desc.o
                0x0000000008003e7c                USBD_HS_ConfigStrDescriptor
 .text.USBD_HS_InterfaceStrDescriptor
                0x0000000008003e98       0x1c ./USB_DEVICE/App/usbd_desc.o
                0x0000000008003e98                USBD_HS_InterfaceStrDescriptor
 .text.HAL_PCD_MspInit
                0x0000000008003eb4      0x110 ./USB_DEVICE/Target/usbd_conf.o
                0x0000000008003eb4                HAL_PCD_MspInit
 .text.HAL_PCD_SetupStageCallback
                0x0000000008003fc4        0xc ./USB_DEVICE/Target/usbd_conf.o
                0x0000000008003fc4                HAL_PCD_SetupStageCallback
 .text.HAL_PCD_DataOutStageCallback
                0x0000000008003fd0       0x12 ./USB_DEVICE/Target/usbd_conf.o
                0x0000000008003fd0                HAL_PCD_DataOutStageCallback
 .text.HAL_PCD_DataInStageCallback
                0x0000000008003fe2       0x10 ./USB_DEVICE/Target/usbd_conf.o
                0x0000000008003fe2                HAL_PCD_DataInStageCallback
 .text.HAL_PCD_SOFCallback
                0x0000000008003ff2        0x8 ./USB_DEVICE/Target/usbd_conf.o
                0x0000000008003ff2                HAL_PCD_SOFCallback
 .text.HAL_PCD_ResetCallback
                0x0000000008003ffa       0x26 ./USB_DEVICE/Target/usbd_conf.o
                0x0000000008003ffa                HAL_PCD_ResetCallback
 .text.HAL_PCD_SuspendCallback
                0x0000000008004020       0x30 ./USB_DEVICE/Target/usbd_conf.o
                0x0000000008004020                HAL_PCD_SuspendCallback
 .text.HAL_PCD_ResumeCallback
                0x0000000008004050        0x8 ./USB_DEVICE/Target/usbd_conf.o
                0x0000000008004050                HAL_PCD_ResumeCallback
 .text.HAL_PCD_ISOOUTIncompleteCallback
                0x0000000008004058        0x8 ./USB_DEVICE/Target/usbd_conf.o
                0x0000000008004058                HAL_PCD_ISOOUTIncompleteCallback
 .text.HAL_PCD_ISOINIncompleteCallback
                0x0000000008004060        0x8 ./USB_DEVICE/Target/usbd_conf.o
                0x0000000008004060                HAL_PCD_ISOINIncompleteCallback
 .text.HAL_PCD_ConnectCallback
                0x0000000008004068        0x8 ./USB_DEVICE/Target/usbd_conf.o
                0x0000000008004068                HAL_PCD_ConnectCallback
 .text.HAL_PCD_DisconnectCallback
                0x0000000008004070        0x8 ./USB_DEVICE/Target/usbd_conf.o
                0x0000000008004070                HAL_PCD_DisconnectCallback
 .text.USBD_LL_Init
                0x0000000008004078       0x68 ./USB_DEVICE/Target/usbd_conf.o
                0x0000000008004078                USBD_LL_Init
 .text.USBD_LL_IsStallEP
                0x00000000080040e0       0x26 ./USB_DEVICE/Target/usbd_conf.o
                0x00000000080040e0                USBD_LL_IsStallEP
 .text.USBD_LL_GetRxDataSize
                0x0000000008004106        0x8 ./USB_DEVICE/Target/usbd_conf.o
                0x0000000008004106                USBD_LL_GetRxDataSize
 *fill*         0x000000000800410e        0x2 
 .text.HAL_PCDEx_LPM_Callback
                0x0000000008004110       0x64 ./USB_DEVICE/Target/usbd_conf.o
                0x0000000008004110                HAL_PCDEx_LPM_Callback
 .text.USBD_Get_USB_Status
                0x0000000008004174       0x10 ./USB_DEVICE/Target/usbd_conf.o
                0x0000000008004174                USBD_Get_USB_Status
 .text.USBD_LL_Start
                0x0000000008004184       0x12 ./USB_DEVICE/Target/usbd_conf.o
                0x0000000008004184                USBD_LL_Start
 .text.USBD_LL_OpenEP
                0x0000000008004196       0x18 ./USB_DEVICE/Target/usbd_conf.o
                0x0000000008004196                USBD_LL_OpenEP
 .text.USBD_LL_CloseEP
                0x00000000080041ae       0x12 ./USB_DEVICE/Target/usbd_conf.o
                0x00000000080041ae                USBD_LL_CloseEP
 .text.USBD_LL_StallEP
                0x00000000080041c0       0x12 ./USB_DEVICE/Target/usbd_conf.o
                0x00000000080041c0                USBD_LL_StallEP
 .text.USBD_LL_ClearStallEP
                0x00000000080041d2       0x12 ./USB_DEVICE/Target/usbd_conf.o
                0x00000000080041d2                USBD_LL_ClearStallEP
 .text.USBD_LL_SetUSBAddress
                0x00000000080041e4       0x12 ./USB_DEVICE/Target/usbd_conf.o
                0x00000000080041e4                USBD_LL_SetUSBAddress
 .text.USBD_LL_Transmit
                0x00000000080041f6       0x12 ./USB_DEVICE/Target/usbd_conf.o
                0x00000000080041f6                USBD_LL_Transmit
 .text.USBD_LL_PrepareReceive
                0x0000000008004208       0x12 ./USB_DEVICE/Target/usbd_conf.o
                0x0000000008004208                USBD_LL_PrepareReceive
 *fill*         0x000000000800421a        0x2 
 .text.__errno  0x000000000800421c        0xc /home/grzegorz/st/stm32cubeide_1.9.0_2/plugins/com.st.stm32cube.ide.mcu.externaltools.gnu-tools-for-stm32.10.3-2021.10.linux64_1.0.0.202111181127/tools/bin/../lib/gcc/arm-none-eabi/10.3.1/../../../../arm-none-eabi/lib/thumb/v7e-m+fp/hard/libc_nano.a(lib_a-errno.o)
                0x000000000800421c                __errno
 .text.__libc_init_array
                0x0000000008004228       0x48 /home/grzegorz/st/stm32cubeide_1.9.0_2/plugins/com.st.stm32cube.ide.mcu.externaltools.gnu-tools-for-stm32.10.3-2021.10.linux64_1.0.0.202111181127/tools/bin/../lib/gcc/arm-none-eabi/10.3.1/../../../../arm-none-eabi/lib/thumb/v7e-m+fp/hard/libc_nano.a(lib_a-init.o)
                0x0000000008004228                __libc_init_array
 .text.malloc   0x0000000008004270       0x10 /home/grzegorz/st/stm32cubeide_1.9.0_2/plugins/com.st.stm32cube.ide.mcu.externaltools.gnu-tools-for-stm32.10.3-2021.10.linux64_1.0.0.202111181127/tools/bin/../lib/gcc/arm-none-eabi/10.3.1/../../../../arm-none-eabi/lib/thumb/v7e-m+fp/hard/libc_nano.a(lib_a-malloc.o)
                0x0000000008004270                malloc
 .text.free     0x0000000008004280       0x10 /home/grzegorz/st/stm32cubeide_1.9.0_2/plugins/com.st.stm32cube.ide.mcu.externaltools.gnu-tools-for-stm32.10.3-2021.10.linux64_1.0.0.202111181127/tools/bin/../lib/gcc/arm-none-eabi/10.3.1/../../../../arm-none-eabi/lib/thumb/v7e-m+fp/hard/libc_nano.a(lib_a-malloc.o)
                0x0000000008004280                free
 .text.memset   0x0000000008004290       0x10 /home/grzegorz/st/stm32cubeide_1.9.0_2/plugins/com.st.stm32cube.ide.mcu.externaltools.gnu-tools-for-stm32.10.3-2021.10.linux64_1.0.0.202111181127/tools/bin/../lib/gcc/arm-none-eabi/10.3.1/../../../../arm-none-eabi/lib/thumb/v7e-m+fp/hard/libc_nano.a(lib_a-memset.o)
                0x0000000008004290                memset
 .text._free_r  0x00000000080042a0       0x98 /home/grzegorz/st/stm32cubeide_1.9.0_2/plugins/com.st.stm32cube.ide.mcu.externaltools.gnu-tools-for-stm32.10.3-2021.10.linux64_1.0.0.202111181127/tools/bin/../lib/gcc/arm-none-eabi/10.3.1/../../../../arm-none-eabi/lib/thumb/v7e-m+fp/hard/libc_nano.a(lib_a-nano-freer.o)
                0x00000000080042a0                _free_r
 .text.sbrk_aligned
                0x0000000008004338       0x40 /home/grzegorz/st/stm32cubeide_1.9.0_2/plugins/com.st.stm32cube.ide.mcu.externaltools.gnu-tools-for-stm32.10.3-2021.10.linux64_1.0.0.202111181127/tools/bin/../lib/gcc/arm-none-eabi/10.3.1/../../../../arm-none-eabi/lib/thumb/v7e-m+fp/hard/libc_nano.a(lib_a-nano-mallocr.o)
 .text._malloc_r
                0x0000000008004378       0xe8 /home/grzegorz/st/stm32cubeide_1.9.0_2/plugins/com.st.stm32cube.ide.mcu.externaltools.gnu-tools-for-stm32.10.3-2021.10.linux64_1.0.0.202111181127/tools/bin/../lib/gcc/arm-none-eabi/10.3.1/../../../../arm-none-eabi/lib/thumb/v7e-m+fp/hard/libc_nano.a(lib_a-nano-mallocr.o)
                0x0000000008004378                _malloc_r
 .text._sbrk_r  0x0000000008004460       0x20 /home/grzegorz/st/stm32cubeide_1.9.0_2/plugins/com.st.stm32cube.ide.mcu.externaltools.gnu-tools-for-stm32.10.3-2021.10.linux64_1.0.0.202111181127/tools/bin/../lib/gcc/arm-none-eabi/10.3.1/../../../../arm-none-eabi/lib/thumb/v7e-m+fp/hard/libc_nano.a(lib_a-sbrkr.o)
                0x0000000008004460                _sbrk_r
 .text.__malloc_lock
                0x0000000008004480        0xc /home/grzegorz/st/stm32cubeide_1.9.0_2/plugins/com.st.stm32cube.ide.mcu.externaltools.gnu-tools-for-stm32.10.3-2021.10.linux64_1.0.0.202111181127/tools/bin/../lib/gcc/arm-none-eabi/10.3.1/../../../../arm-none-eabi/lib/thumb/v7e-m+fp/hard/libc_nano.a(lib_a-mlock.o)
                0x0000000008004480                __malloc_lock
 .text.__malloc_unlock
                0x000000000800448c        0xc /home/grzegorz/st/stm32cubeide_1.9.0_2/plugins/com.st.stm32cube.ide.mcu.externaltools.gnu-tools-for-stm32.10.3-2021.10.linux64_1.0.0.202111181127/tools/bin/../lib/gcc/arm-none-eabi/10.3.1/../../../../arm-none-eabi/lib/thumb/v7e-m+fp/hard/libc_nano.a(lib_a-mlock.o)
                0x000000000800448c                __malloc_unlock
 .text.__retarget_lock_acquire_recursive
                0x0000000008004498        0x2 /home/grzegorz/st/stm32cubeide_1.9.0_2/plugins/com.st.stm32cube.ide.mcu.externaltools.gnu-tools-for-stm32.10.3-2021.10.linux64_1.0.0.202111181127/tools/bin/../lib/gcc/arm-none-eabi/10.3.1/../../../../arm-none-eabi/lib/thumb/v7e-m+fp/hard/libc_nano.a(lib_a-lock.o)
                0x0000000008004498                __retarget_lock_acquire_recursive
 .text.__retarget_lock_release_recursive
                0x000000000800449a        0x2 /home/grzegorz/st/stm32cubeide_1.9.0_2/plugins/com.st.stm32cube.ide.mcu.externaltools.gnu-tools-for-stm32.10.3-2021.10.linux64_1.0.0.202111181127/tools/bin/../lib/gcc/arm-none-eabi/10.3.1/../../../../arm-none-eabi/lib/thumb/v7e-m+fp/hard/libc_nano.a(lib_a-lock.o)
                0x000000000800449a                __retarget_lock_release_recursive
 *(.glue_7)
 .glue_7        0x000000000800449c        0x0 linker stubs
 *(.glue_7t)
 .glue_7t       0x000000000800449c        0x0 linker stubs
 *(.eh_frame)
 .eh_frame      0x000000000800449c        0x0 /home/grzegorz/st/stm32cubeide_1.9.0_2/plugins/com.st.stm32cube.ide.mcu.externaltools.gnu-tools-for-stm32.10.3-2021.10.linux64_1.0.0.202111181127/tools/bin/../lib/gcc/arm-none-eabi/10.3.1/thumb/v7e-m+fp/hard/crtbegin.o
 *(.init)
 .init          0x000000000800449c        0x4 /home/grzegorz/st/stm32cubeide_1.9.0_2/plugins/com.st.stm32cube.ide.mcu.externaltools.gnu-tools-for-stm32.10.3-2021.10.linux64_1.0.0.202111181127/tools/bin/../lib/gcc/arm-none-eabi/10.3.1/thumb/v7e-m+fp/hard/crti.o
                0x000000000800449c                _init
 .init          0x00000000080044a0        0x8 /home/grzegorz/st/stm32cubeide_1.9.0_2/plugins/com.st.stm32cube.ide.mcu.externaltools.gnu-tools-for-stm32.10.3-2021.10.linux64_1.0.0.202111181127/tools/bin/../lib/gcc/arm-none-eabi/10.3.1/thumb/v7e-m+fp/hard/crtn.o
 *(.fini)
 .fini          0x00000000080044a8        0x4 /home/grzegorz/st/stm32cubeide_1.9.0_2/plugins/com.st.stm32cube.ide.mcu.externaltools.gnu-tools-for-stm32.10.3-2021.10.linux64_1.0.0.202111181127/tools/bin/../lib/gcc/arm-none-eabi/10.3.1/thumb/v7e-m+fp/hard/crti.o
                0x00000000080044a8                _fini
 .fini          0x00000000080044ac        0x8 /home/grzegorz/st/stm32cubeide_1.9.0_2/plugins/com.st.stm32cube.ide.mcu.externaltools.gnu-tools-for-stm32.10.3-2021.10.linux64_1.0.0.202111181127/tools/bin/../lib/gcc/arm-none-eabi/10.3.1/thumb/v7e-m+fp/hard/crtn.o
                0x00000000080044b4                . = ALIGN (0x4)
                0x00000000080044b4                _etext = .

.vfp11_veneer   0x00000000080044b4        0x0
 .vfp11_veneer  0x00000000080044b4        0x0 linker stubs

.v4_bx          0x00000000080044b4        0x0
 .v4_bx         0x00000000080044b4        0x0 linker stubs

.iplt           0x00000000080044b4        0x0
 .iplt          0x00000000080044b4        0x0 /home/grzegorz/st/stm32cubeide_1.9.0_2/plugins/com.st.stm32cube.ide.mcu.externaltools.gnu-tools-for-stm32.10.3-2021.10.linux64_1.0.0.202111181127/tools/bin/../lib/gcc/arm-none-eabi/10.3.1/thumb/v7e-m+fp/hard/crtbegin.o

.rodata         0x00000000080044b4       0x6c
                0x00000000080044b4                . = ALIGN (0x4)
 *(.rodata)
 *(.rodata*)
 .rodata.AHBPrescTable
                0x00000000080044b4       0x10 ./Core/Src/system_stm32f7xx.o
                0x00000000080044b4                AHBPrescTable
 .rodata.APBPrescTable
                0x00000000080044c4        0x8 ./Core/Src/system_stm32f7xx.o
                0x00000000080044c4                APBPrescTable
 .rodata.flagBitshiftOffset.0
                0x00000000080044cc        0x8 ./Drivers/STM32F7xx_HAL_Driver/Src/stm32f7xx_hal_dma.o
 .rodata.CDC_Receive_HS.str1.1
                0x00000000080044d4        0x4 ./USB_DEVICE/App/usbd_cdc_if.o
 .rodata.USBD_HS_ManufacturerStrDescriptor.str1.1
                0x00000000080044d8       0x13 ./USB_DEVICE/App/usbd_desc.o
 .rodata.USBD_HS_ProductStrDescriptor.str1.1
                0x00000000080044eb       0x16 ./USB_DEVICE/App/usbd_desc.o
 .rodata.USBD_HS_ConfigStrDescriptor.str1.1
                0x0000000008004501        0xb ./USB_DEVICE/App/usbd_desc.o
 .rodata.USBD_HS_InterfaceStrDescriptor.str1.1
                0x000000000800450c        0xe ./USB_DEVICE/App/usbd_desc.o
 .rodata.CSWTCH.27
                0x000000000800451a        0x4 ./USB_DEVICE/Target/usbd_conf.o
                0x0000000008004520                . = ALIGN (0x4)
 *fill*         0x000000000800451e        0x2 

.ARM.extab      0x0000000008004520        0x0
                0x0000000008004520                . = ALIGN (0x4)
 *(.ARM.extab* .gnu.linkonce.armextab.*)
                0x0000000008004520                . = ALIGN (0x4)

.ARM            0x0000000008004520        0x8
                0x0000000008004520                . = ALIGN (0x4)
                0x0000000008004520                __exidx_start = .
 *(.ARM.exidx*)
 .ARM.exidx     0x0000000008004520        0x8 /home/grzegorz/st/stm32cubeide_1.9.0_2/plugins/com.st.stm32cube.ide.mcu.externaltools.gnu-tools-for-stm32.10.3-2021.10.linux64_1.0.0.202111181127/tools/bin/../lib/gcc/arm-none-eabi/10.3.1/thumb/v7e-m+fp/hard/libgcc.a(_udivmoddi4.o)
                0x0000000008004528                __exidx_end = .
                0x0000000008004528                . = ALIGN (0x4)

.rel.dyn        0x0000000008004528        0x0
 .rel.iplt      0x0000000008004528        0x0 /home/grzegorz/st/stm32cubeide_1.9.0_2/plugins/com.st.stm32cube.ide.mcu.externaltools.gnu-tools-for-stm32.10.3-2021.10.linux64_1.0.0.202111181127/tools/bin/../lib/gcc/arm-none-eabi/10.3.1/thumb/v7e-m+fp/hard/crtbegin.o

.preinit_array  0x0000000008004528        0x0
                0x0000000008004528                . = ALIGN (0x4)
                0x0000000008004528                PROVIDE (__preinit_array_start = .)
 *(.preinit_array*)
                0x0000000008004528                PROVIDE (__preinit_array_end = .)
                0x0000000008004528                . = ALIGN (0x4)

.init_array     0x0000000008004528        0x4
                0x0000000008004528                . = ALIGN (0x4)
                0x0000000008004528                PROVIDE (__init_array_start = .)
 *(SORT_BY_NAME(.init_array.*))
 *(.init_array*)
 .init_array    0x0000000008004528        0x4 /home/grzegorz/st/stm32cubeide_1.9.0_2/plugins/com.st.stm32cube.ide.mcu.externaltools.gnu-tools-for-stm32.10.3-2021.10.linux64_1.0.0.202111181127/tools/bin/../lib/gcc/arm-none-eabi/10.3.1/thumb/v7e-m+fp/hard/crtbegin.o
                0x000000000800452c                PROVIDE (__init_array_end = .)
                0x000000000800452c                . = ALIGN (0x4)

.fini_array     0x000000000800452c        0x4
                0x000000000800452c                . = ALIGN (0x4)
                [!provide]                        PROVIDE (__fini_array_start = .)
 *(SORT_BY_NAME(.fini_array.*))
 *(.fini_array*)
 .fini_array    0x000000000800452c        0x4 /home/grzegorz/st/stm32cubeide_1.9.0_2/plugins/com.st.stm32cube.ide.mcu.externaltools.gnu-tools-for-stm32.10.3-2021.10.linux64_1.0.0.202111181127/tools/bin/../lib/gcc/arm-none-eabi/10.3.1/thumb/v7e-m+fp/hard/crtbegin.o
                [!provide]                        PROVIDE (__fini_array_end = .)
                0x0000000008004530                . = ALIGN (0x4)
                0x0000000008004530                _sidata = LOADADDR (.data)

.data           0x0000000020000000      0x1f4 load address 0x0000000008004530
                0x0000000020000000                . = ALIGN (0x4)
                0x0000000020000000                _sdata = .
 *(.data)
 *(.data*)
 .data.SystemCoreClock
                0x0000000020000000        0x4 ./Core/Src/system_stm32f7xx.o
                0x0000000020000000                SystemCoreClock
 .data.uwTickFreq
                0x0000000020000004        0x1 ./Drivers/STM32F7xx_HAL_Driver/Src/stm32f7xx_hal.o
                0x0000000020000004                uwTickFreq
 *fill*         0x0000000020000005        0x3 
 .data.uwTickPrio
                0x0000000020000008        0x4 ./Drivers/STM32F7xx_HAL_Driver/Src/stm32f7xx_hal.o
                0x0000000020000008                uwTickPrio
 .data.USBD_CDC
                0x000000002000000c       0x38 ./Middlewares/ST/STM32_USB_Device_Library/Class/CDC/Src/usbd_cdc.o
                0x000000002000000c                USBD_CDC
 .data.USBD_CDC_CfgFSDesc
                0x0000000020000044       0x43 ./Middlewares/ST/STM32_USB_Device_Library/Class/CDC/Src/usbd_cdc.o
 *fill*         0x0000000020000087        0x1 
 .data.USBD_CDC_CfgHSDesc
                0x0000000020000088       0x43 ./Middlewares/ST/STM32_USB_Device_Library/Class/CDC/Src/usbd_cdc.o
 *fill*         0x00000000200000cb        0x1 
 .data.USBD_CDC_DeviceQualifierDesc
                0x00000000200000cc        0xa ./Middlewares/ST/STM32_USB_Device_Library/Class/CDC/Src/usbd_cdc.o
 *fill*         0x00000000200000d6        0x2 
 .data.USBD_CDC_OtherSpeedCfgDesc
                0x00000000200000d8       0x43 ./Middlewares/ST/STM32_USB_Device_Library/Class/CDC/Src/usbd_cdc.o
 *fill*         0x000000002000011b        0x1 
 .data.USBD_Interface_fops_HS
                0x000000002000011c       0x14 ./USB_DEVICE/App/usbd_cdc_if.o
                0x000000002000011c                USBD_Interface_fops_HS
 .data.HS_Desc  0x0000000020000130       0x20 ./USB_DEVICE/App/usbd_desc.o
                0x0000000020000130                HS_Desc
 .data.USBD_HS_BOSDesc
                0x0000000020000150        0xc ./USB_DEVICE/App/usbd_desc.o
                0x0000000020000150                USBD_HS_BOSDesc
 .data.USBD_HS_DeviceDesc
                0x000000002000015c       0x12 ./USB_DEVICE/App/usbd_desc.o
                0x000000002000015c                USBD_HS_DeviceDesc
 *fill*         0x000000002000016e        0x2 
 .data.USBD_LangIDDesc
                0x0000000020000170        0x4 ./USB_DEVICE/App/usbd_desc.o
                0x0000000020000170                USBD_LangIDDesc
 .data.USBD_StringSerial
                0x0000000020000174       0x1a ./USB_DEVICE/App/usbd_desc.o
                0x0000000020000174                USBD_StringSerial
 *fill*         0x000000002000018e        0x2 
 .data._impure_ptr
                0x0000000020000190        0x4 /home/grzegorz/st/stm32cubeide_1.9.0_2/plugins/com.st.stm32cube.ide.mcu.externaltools.gnu-tools-for-stm32.10.3-2021.10.linux64_1.0.0.202111181127/tools/bin/../lib/gcc/arm-none-eabi/10.3.1/../../../../arm-none-eabi/lib/thumb/v7e-m+fp/hard/libc_nano.a(lib_a-impure.o)
                0x0000000020000190                _impure_ptr
 .data.impure_data
                0x0000000020000194       0x60 /home/grzegorz/st/stm32cubeide_1.9.0_2/plugins/com.st.stm32cube.ide.mcu.externaltools.gnu-tools-for-stm32.10.3-2021.10.linux64_1.0.0.202111181127/tools/bin/../lib/gcc/arm-none-eabi/10.3.1/../../../../arm-none-eabi/lib/thumb/v7e-m+fp/hard/libc_nano.a(lib_a-impure.o)
 *(.RamFunc)
 *(.RamFunc*)
                0x00000000200001f4                . = ALIGN (0x4)
                0x00000000200001f4                _edata = .

.igot.plt       0x00000000200001f4        0x0 load address 0x0000000008004724
 .igot.plt      0x00000000200001f4        0x0 /home/grzegorz/st/stm32cubeide_1.9.0_2/plugins/com.st.stm32cube.ide.mcu.externaltools.gnu-tools-for-stm32.10.3-2021.10.linux64_1.0.0.202111181127/tools/bin/../lib/gcc/arm-none-eabi/10.3.1/thumb/v7e-m+fp/hard/crtbegin.o
                0x00000000200001f4                . = ALIGN (0x4)

.bss            0x00000000200001f4     0x1a08 load address 0x0000000008004724
                0x00000000200001f4                _sbss = .
                0x00000000200001f4                __bss_start__ = _sbss
 *(.bss)
 .bss           0x00000000200001f4       0x1c /home/grzegorz/st/stm32cubeide_1.9.0_2/plugins/com.st.stm32cube.ide.mcu.externaltools.gnu-tools-for-stm32.10.3-2021.10.linux64_1.0.0.202111181127/tools/bin/../lib/gcc/arm-none-eabi/10.3.1/thumb/v7e-m+fp/hard/crtbegin.o
 *(.bss*)
 .bss.hdcmi     0x0000000020000210       0x50 ./Core/Src/main.o
                0x0000000020000210                hdcmi
 .bss.hdma_dcmi
                0x0000000020000260       0x60 ./Core/Src/main.o
                0x0000000020000260                hdma_dcmi
 .bss.htim6     0x00000000200002c0       0x4c ./Core/Src/stm32f7xx_hal_timebase_tim.o
                0x00000000200002c0                htim6
 .bss.__sbrk_heap_end
                0x000000002000030c        0x4 ./Core/Src/sysmem.o
 .bss.uwTick    0x0000000020000310        0x4 ./Drivers/STM32F7xx_HAL_Driver/Src/stm32f7xx_hal.o
                0x0000000020000310                uwTick
 .bss.cfgidx.0  0x0000000020000314        0x1 ./Middlewares/ST/STM32_USB_Device_Library/Core/Src/usbd_ctlreq.o
 *fill*         0x0000000020000315        0x3 
 .bss.hUsbDeviceHS
                0x0000000020000318      0x2d0 ./USB_DEVICE/App/usb_device.o
                0x0000000020000318                hUsbDeviceHS
 .bss.UserRxBufferHS
                0x00000000200005e8      0x800 ./USB_DEVICE/App/usbd_cdc_if.o
                0x00000000200005e8                UserRxBufferHS
 .bss.UserTxBufferHS
                0x0000000020000de8      0x800 ./USB_DEVICE/App/usbd_cdc_if.o
                0x0000000020000de8                UserTxBufferHS
 .bss.USBD_StrDesc
                0x00000000200015e8      0x200 ./USB_DEVICE/App/usbd_desc.o
                0x00000000200015e8                USBD_StrDesc
 .bss.hpcd_USB_OTG_HS
                0x00000000200017e8      0x404 ./USB_DEVICE/Target/usbd_conf.o
                0x00000000200017e8                hpcd_USB_OTG_HS
 .bss.__malloc_free_list
                0x0000000020001bec        0x4 /home/grzegorz/st/stm32cubeide_1.9.0_2/plugins/com.st.stm32cube.ide.mcu.externaltools.gnu-tools-for-stm32.10.3-2021.10.linux64_1.0.0.202111181127/tools/bin/../lib/gcc/arm-none-eabi/10.3.1/../../../../arm-none-eabi/lib/thumb/v7e-m+fp/hard/libc_nano.a(lib_a-nano-mallocr.o)
                0x0000000020001bec                __malloc_free_list
 .bss.__malloc_sbrk_start
                0x0000000020001bf0        0x4 /home/grzegorz/st/stm32cubeide_1.9.0_2/plugins/com.st.stm32cube.ide.mcu.externaltools.gnu-tools-for-stm32.10.3-2021.10.linux64_1.0.0.202111181127/tools/bin/../lib/gcc/arm-none-eabi/10.3.1/../../../../arm-none-eabi/lib/thumb/v7e-m+fp/hard/libc_nano.a(lib_a-nano-mallocr.o)
                0x0000000020001bf0                __malloc_sbrk_start
 .bss.errno     0x0000000020001bf4        0x4 /home/grzegorz/st/stm32cubeide_1.9.0_2/plugins/com.st.stm32cube.ide.mcu.externaltools.gnu-tools-for-stm32.10.3-2021.10.linux64_1.0.0.202111181127/tools/bin/../lib/gcc/arm-none-eabi/10.3.1/../../../../arm-none-eabi/lib/thumb/v7e-m+fp/hard/libc_nano.a(lib_a-reent.o)
                0x0000000020001bf4                errno
 .bss.__lock___malloc_recursive_mutex
                0x0000000020001bf8        0x1 /home/grzegorz/st/stm32cubeide_1.9.0_2/plugins/com.st.stm32cube.ide.mcu.externaltools.gnu-tools-for-stm32.10.3-2021.10.linux64_1.0.0.202111181127/tools/bin/../lib/gcc/arm-none-eabi/10.3.1/../../../../arm-none-eabi/lib/thumb/v7e-m+fp/hard/libc_nano.a(lib_a-lock.o)
                0x0000000020001bf8                __lock___malloc_recursive_mutex
 *(COMMON)
                0x0000000020001bfc                . = ALIGN (0x4)
 *fill*         0x0000000020001bf9        0x3 
                0x0000000020001bfc                _ebss = .
                0x0000000020001bfc                __bss_end__ = _ebss

._user_heap_stack
                0x0000000020001bfc      0x604 load address 0x0000000008004724
                0x0000000020001c00                . = ALIGN (0x8)
 *fill*         0x0000000020001bfc        0x4 
                [!provide]                        PROVIDE (end = .)
                0x0000000020001c00                PROVIDE (_end = .)
                0x0000000020001e00                . = (. + _Min_Heap_Size)
 *fill*         0x0000000020001c00      0x200 
                0x0000000020002200                . = (. + _Min_Stack_Size)
 *fill*         0x0000000020001e00      0x400 
                0x0000000020002200                . = ALIGN (0x8)

/DISCARD/
 libc.a(*)
 libm.a(*)
 libgcc.a(*)

.ARM.attributes
                0x0000000000000000       0x30
 *(.ARM.attributes)
 .ARM.attributes
                0x0000000000000000       0x1e /home/grzegorz/st/stm32cubeide_1.9.0_2/plugins/com.st.stm32cube.ide.mcu.externaltools.gnu-tools-for-stm32.10.3-2021.10.linux64_1.0.0.202111181127/tools/bin/../lib/gcc/arm-none-eabi/10.3.1/thumb/v7e-m+fp/hard/crti.o
 .ARM.attributes
                0x000000000000001e       0x34 /home/grzegorz/st/stm32cubeide_1.9.0_2/plugins/com.st.stm32cube.ide.mcu.externaltools.gnu-tools-for-stm32.10.3-2021.10.linux64_1.0.0.202111181127/tools/bin/../lib/gcc/arm-none-eabi/10.3.1/thumb/v7e-m+fp/hard/crtbegin.o
 .ARM.attributes
                0x0000000000000052       0x34 ./Core/Src/main.o
 .ARM.attributes
                0x0000000000000086       0x34 ./Core/Src/stm32f7xx_hal_msp.o
 .ARM.attributes
                0x00000000000000ba       0x34 ./Core/Src/stm32f7xx_hal_timebase_tim.o
 .ARM.attributes
                0x00000000000000ee       0x34 ./Core/Src/stm32f7xx_it.o
 .ARM.attributes
                0x0000000000000122       0x34 ./Core/Src/sysmem.o
 .ARM.attributes
                0x0000000000000156       0x34 ./Core/Src/system_stm32f7xx.o
 .ARM.attributes
                0x000000000000018a       0x21 ./Core/Startup/startup_stm32f746nghx.o
 .ARM.attributes
                0x00000000000001ab       0x34 ./Drivers/STM32F7xx_HAL_Driver/Src/stm32f7xx_hal.o
 .ARM.attributes
                0x00000000000001df       0x34 ./Drivers/STM32F7xx_HAL_Driver/Src/stm32f7xx_hal_cortex.o
 .ARM.attributes
                0x0000000000000213       0x34 ./Drivers/STM32F7xx_HAL_Driver/Src/stm32f7xx_hal_dcmi.o
 .ARM.attributes
                0x0000000000000247       0x34 ./Drivers/STM32F7xx_HAL_Driver/Src/stm32f7xx_hal_dma.o
 .ARM.attributes
                0x000000000000027b       0x34 ./Drivers/STM32F7xx_HAL_Driver/Src/stm32f7xx_hal_gpio.o
 .ARM.attributes
                0x00000000000002af       0x34 ./Drivers/STM32F7xx_HAL_Driver/Src/stm32f7xx_hal_pcd.o
 .ARM.attributes
                0x00000000000002e3       0x34 ./Drivers/STM32F7xx_HAL_Driver/Src/stm32f7xx_hal_pcd_ex.o
 .ARM.attributes
                0x0000000000000317       0x34 ./Drivers/STM32F7xx_HAL_Driver/Src/stm32f7xx_hal_pwr.o
 .ARM.attributes
                0x000000000000034b       0x34 ./Drivers/STM32F7xx_HAL_Driver/Src/stm32f7xx_hal_pwr_ex.o
 .ARM.attributes
                0x000000000000037f       0x34 ./Drivers/STM32F7xx_HAL_Driver/Src/stm32f7xx_hal_rcc.o
 .ARM.attributes
                0x00000000000003b3       0x34 ./Drivers/STM32F7xx_HAL_Driver/Src/stm32f7xx_hal_tim.o
 .ARM.attributes
                0x00000000000003e7       0x34 ./Drivers/STM32F7xx_HAL_Driver/Src/stm32f7xx_hal_tim_ex.o
 .ARM.attributes
                0x000000000000041b       0x34 ./Drivers/STM32F7xx_HAL_Driver/Src/stm32f7xx_ll_usb.o
 .ARM.attributes
                0x000000000000044f       0x34 ./Middlewares/ST/STM32_USB_Device_Library/Class/CDC/Src/usbd_cdc.o
 .ARM.attributes
                0x0000000000000483       0x34 ./Middlewares/ST/STM32_USB_Device_Library/Core/Src/usbd_core.o
 .ARM.attributes
                0x00000000000004b7       0x34 ./Middlewares/ST/STM32_USB_Device_Library/Core/Src/usbd_ctlreq.o
 .ARM.attributes
                0x00000000000004eb       0x34 ./Middlewares/ST/STM32_USB_Device_Library/Core/Src/usbd_ioreq.o
 .ARM.attributes
                0x000000000000051f       0x34 ./USB_DEVICE/App/usb_device.o
 .ARM.attributes
                0x0000000000000553       0x34 ./USB_DEVICE/App/usbd_cdc_if.o
 .ARM.attributes
                0x0000000000000587       0x34 ./USB_DEVICE/App/usbd_desc.o
 .ARM.attributes
                0x00000000000005bb       0x34 ./USB_DEVICE/Target/usbd_conf.o
 .ARM.attributes
                0x00000000000005ef       0x34 /home/grzegorz/st/stm32cubeide_1.9.0_2/plugins/com.st.stm32cube.ide.mcu.externaltools.gnu-tools-for-stm32.10.3-2021.10.linux64_1.0.0.202111181127/tools/bin/../lib/gcc/arm-none-eabi/10.3.1/../../../../arm-none-eabi/lib/thumb/v7e-m+fp/hard/libc_nano.a(lib_a-errno.o)
 .ARM.attributes
                0x0000000000000623       0x34 /home/grzegorz/st/stm32cubeide_1.9.0_2/plugins/com.st.stm32cube.ide.mcu.externaltools.gnu-tools-for-stm32.10.3-2021.10.linux64_1.0.0.202111181127/tools/bin/../lib/gcc/arm-none-eabi/10.3.1/../../../../arm-none-eabi/lib/thumb/v7e-m+fp/hard/libc_nano.a(lib_a-impure.o)
 .ARM.attributes
                0x0000000000000657       0x34 /home/grzegorz/st/stm32cubeide_1.9.0_2/plugins/com.st.stm32cube.ide.mcu.externaltools.gnu-tools-for-stm32.10.3-2021.10.linux64_1.0.0.202111181127/tools/bin/../lib/gcc/arm-none-eabi/10.3.1/../../../../arm-none-eabi/lib/thumb/v7e-m+fp/hard/libc_nano.a(lib_a-init.o)
 .ARM.attributes
                0x000000000000068b       0x34 /home/grzegorz/st/stm32cubeide_1.9.0_2/plugins/com.st.stm32cube.ide.mcu.externaltools.gnu-tools-for-stm32.10.3-2021.10.linux64_1.0.0.202111181127/tools/bin/../lib/gcc/arm-none-eabi/10.3.1/../../../../arm-none-eabi/lib/thumb/v7e-m+fp/hard/libc_nano.a(lib_a-malloc.o)
 .ARM.attributes
                0x00000000000006bf       0x34 /home/grzegorz/st/stm32cubeide_1.9.0_2/plugins/com.st.stm32cube.ide.mcu.externaltools.gnu-tools-for-stm32.10.3-2021.10.linux64_1.0.0.202111181127/tools/bin/../lib/gcc/arm-none-eabi/10.3.1/../../../../arm-none-eabi/lib/thumb/v7e-m+fp/hard/libc_nano.a(lib_a-memset.o)
 .ARM.attributes
                0x00000000000006f3       0x34 /home/grzegorz/st/stm32cubeide_1.9.0_2/plugins/com.st.stm32cube.ide.mcu.externaltools.gnu-tools-for-stm32.10.3-2021.10.linux64_1.0.0.202111181127/tools/bin/../lib/gcc/arm-none-eabi/10.3.1/../../../../arm-none-eabi/lib/thumb/v7e-m+fp/hard/libc_nano.a(lib_a-nano-freer.o)
 .ARM.attributes
                0x0000000000000727       0x34 /home/grzegorz/st/stm32cubeide_1.9.0_2/plugins/com.st.stm32cube.ide.mcu.externaltools.gnu-tools-for-stm32.10.3-2021.10.linux64_1.0.0.202111181127/tools/bin/../lib/gcc/arm-none-eabi/10.3.1/../../../../arm-none-eabi/lib/thumb/v7e-m+fp/hard/libc_nano.a(lib_a-nano-mallocr.o)
 .ARM.attributes
                0x000000000000075b       0x34 /home/grzegorz/st/stm32cubeide_1.9.0_2/plugins/com.st.stm32cube.ide.mcu.externaltools.gnu-tools-for-stm32.10.3-2021.10.linux64_1.0.0.202111181127/tools/bin/../lib/gcc/arm-none-eabi/10.3.1/../../../../arm-none-eabi/lib/thumb/v7e-m+fp/hard/libc_nano.a(lib_a-sbrkr.o)
 .ARM.attributes
                0x000000000000078f       0x34 /home/grzegorz/st/stm32cubeide_1.9.0_2/plugins/com.st.stm32cube.ide.mcu.externaltools.gnu-tools-for-stm32.10.3-2021.10.linux64_1.0.0.202111181127/tools/bin/../lib/gcc/arm-none-eabi/10.3.1/../../../../arm-none-eabi/lib/thumb/v7e-m+fp/hard/libc_nano.a(lib_a-mlock.o)
 .ARM.attributes
                0x00000000000007c3       0x34 /home/grzegorz/st/stm32cubeide_1.9.0_2/plugins/com.st.stm32cube.ide.mcu.externaltools.gnu-tools-for-stm32.10.3-2021.10.linux64_1.0.0.202111181127/tools/bin/../lib/gcc/arm-none-eabi/10.3.1/../../../../arm-none-eabi/lib/thumb/v7e-m+fp/hard/libc_nano.a(lib_a-reent.o)
 .ARM.attributes
                0x00000000000007f7       0x34 /home/grzegorz/st/stm32cubeide_1.9.0_2/plugins/com.st.stm32cube.ide.mcu.externaltools.gnu-tools-for-stm32.10.3-2021.10.linux64_1.0.0.202111181127/tools/bin/../lib/gcc/arm-none-eabi/10.3.1/../../../../arm-none-eabi/lib/thumb/v7e-m+fp/hard/libc_nano.a(lib_a-lock.o)
 .ARM.attributes
                0x000000000000082b       0x1e /home/grzegorz/st/stm32cubeide_1.9.0_2/plugins/com.st.stm32cube.ide.mcu.externaltools.gnu-tools-for-stm32.10.3-2021.10.linux64_1.0.0.202111181127/tools/bin/../lib/gcc/arm-none-eabi/10.3.1/thumb/v7e-m+fp/hard/libgcc.a(_aeabi_uldivmod.o)
 .ARM.attributes
                0x0000000000000849       0x34 /home/grzegorz/st/stm32cubeide_1.9.0_2/plugins/com.st.stm32cube.ide.mcu.externaltools.gnu-tools-for-stm32.10.3-2021.10.linux64_1.0.0.202111181127/tools/bin/../lib/gcc/arm-none-eabi/10.3.1/thumb/v7e-m+fp/hard/libgcc.a(_udivmoddi4.o)
 .ARM.attributes
                0x000000000000087d       0x1e /home/grzegorz/st/stm32cubeide_1.9.0_2/plugins/com.st.stm32cube.ide.mcu.externaltools.gnu-tools-for-stm32.10.3-2021.10.linux64_1.0.0.202111181127/tools/bin/../lib/gcc/arm-none-eabi/10.3.1/thumb/v7e-m+fp/hard/libgcc.a(_dvmd_tls.o)
 .ARM.attributes
                0x000000000000089b       0x1e /home/grzegorz/st/stm32cubeide_1.9.0_2/plugins/com.st.stm32cube.ide.mcu.externaltools.gnu-tools-for-stm32.10.3-2021.10.linux64_1.0.0.202111181127/tools/bin/../lib/gcc/arm-none-eabi/10.3.1/thumb/v7e-m+fp/hard/crtn.o
OUTPUT(wear_imaging_system.elf elf32-littlearm)
LOAD linker stubs
LOAD /home/grzegorz/st/stm32cubeide_1.9.0_2/plugins/com.st.stm32cube.ide.mcu.externaltools.gnu-tools-for-stm32.10.3-2021.10.linux64_1.0.0.202111181127/tools/bin/../lib/gcc/arm-none-eabi/10.3.1/../../../../arm-none-eabi/lib/thumb/v7e-m+fp/hard/libc.a
LOAD /home/grzegorz/st/stm32cubeide_1.9.0_2/plugins/com.st.stm32cube.ide.mcu.externaltools.gnu-tools-for-stm32.10.3-2021.10.linux64_1.0.0.202111181127/tools/bin/../lib/gcc/arm-none-eabi/10.3.1/../../../../arm-none-eabi/lib/thumb/v7e-m+fp/hard/libm.a
LOAD /home/grzegorz/st/stm32cubeide_1.9.0_2/plugins/com.st.stm32cube.ide.mcu.externaltools.gnu-tools-for-stm32.10.3-2021.10.linux64_1.0.0.202111181127/tools/bin/../lib/gcc/arm-none-eabi/10.3.1/thumb/v7e-m+fp/hard/libgcc.a

.comment        0x0000000000000000       0x50
 .comment       0x0000000000000000       0x50 ./Core/Src/main.o
                                         0x51 (size before relaxing)
 .comment       0x0000000000000050       0x51 ./Core/Src/stm32f7xx_hal_msp.o
 .comment       0x0000000000000050       0x51 ./Core/Src/stm32f7xx_hal_timebase_tim.o
 .comment       0x0000000000000050       0x51 ./Core/Src/stm32f7xx_it.o
 .comment       0x0000000000000050       0x51 ./Core/Src/sysmem.o
 .comment       0x0000000000000050       0x51 ./Core/Src/system_stm32f7xx.o
 .comment       0x0000000000000050       0x51 ./Drivers/STM32F7xx_HAL_Driver/Src/stm32f7xx_hal.o
 .comment       0x0000000000000050       0x51 ./Drivers/STM32F7xx_HAL_Driver/Src/stm32f7xx_hal_cortex.o
 .comment       0x0000000000000050       0x51 ./Drivers/STM32F7xx_HAL_Driver/Src/stm32f7xx_hal_dcmi.o
 .comment       0x0000000000000050       0x51 ./Drivers/STM32F7xx_HAL_Driver/Src/stm32f7xx_hal_dma.o
 .comment       0x0000000000000050       0x51 ./Drivers/STM32F7xx_HAL_Driver/Src/stm32f7xx_hal_gpio.o
 .comment       0x0000000000000050       0x51 ./Drivers/STM32F7xx_HAL_Driver/Src/stm32f7xx_hal_pcd.o
 .comment       0x0000000000000050       0x51 ./Drivers/STM32F7xx_HAL_Driver/Src/stm32f7xx_hal_pcd_ex.o
 .comment       0x0000000000000050       0x51 ./Drivers/STM32F7xx_HAL_Driver/Src/stm32f7xx_hal_pwr.o
 .comment       0x0000000000000050       0x51 ./Drivers/STM32F7xx_HAL_Driver/Src/stm32f7xx_hal_pwr_ex.o
 .comment       0x0000000000000050       0x51 ./Drivers/STM32F7xx_HAL_Driver/Src/stm32f7xx_hal_rcc.o
 .comment       0x0000000000000050       0x51 ./Drivers/STM32F7xx_HAL_Driver/Src/stm32f7xx_hal_tim.o
 .comment       0x0000000000000050       0x51 ./Drivers/STM32F7xx_HAL_Driver/Src/stm32f7xx_hal_tim_ex.o
 .comment       0x0000000000000050       0x51 ./Drivers/STM32F7xx_HAL_Driver/Src/stm32f7xx_ll_usb.o
 .comment       0x0000000000000050       0x51 ./Middlewares/ST/STM32_USB_Device_Library/Class/CDC/Src/usbd_cdc.o
 .comment       0x0000000000000050       0x51 ./Middlewares/ST/STM32_USB_Device_Library/Core/Src/usbd_core.o
 .comment       0x0000000000000050       0x51 ./Middlewares/ST/STM32_USB_Device_Library/Core/Src/usbd_ctlreq.o
 .comment       0x0000000000000050       0x51 ./Middlewares/ST/STM32_USB_Device_Library/Core/Src/usbd_ioreq.o
 .comment       0x0000000000000050       0x51 ./USB_DEVICE/App/usb_device.o
 .comment       0x0000000000000050       0x51 ./USB_DEVICE/App/usbd_cdc_if.o
 .comment       0x0000000000000050       0x51 ./USB_DEVICE/App/usbd_desc.o
 .comment       0x0000000000000050       0x51 ./USB_DEVICE/Target/usbd_conf.o

.debug_frame    0x0000000000000000      0x2e8
 .debug_frame   0x0000000000000000       0x20 /home/grzegorz/st/stm32cubeide_1.9.0_2/plugins/com.st.stm32cube.ide.mcu.externaltools.gnu-tools-for-stm32.10.3-2021.10.linux64_1.0.0.202111181127/tools/bin/../lib/gcc/arm-none-eabi/10.3.1/../../../../arm-none-eabi/lib/thumb/v7e-m+fp/hard/libc_nano.a(lib_a-errno.o)
 .debug_frame   0x0000000000000020       0x2c /home/grzegorz/st/stm32cubeide_1.9.0_2/plugins/com.st.stm32cube.ide.mcu.externaltools.gnu-tools-for-stm32.10.3-2021.10.linux64_1.0.0.202111181127/tools/bin/../lib/gcc/arm-none-eabi/10.3.1/../../../../arm-none-eabi/lib/thumb/v7e-m+fp/hard/libc_nano.a(lib_a-init.o)
 .debug_frame   0x000000000000004c       0x30 /home/grzegorz/st/stm32cubeide_1.9.0_2/plugins/com.st.stm32cube.ide.mcu.externaltools.gnu-tools-for-stm32.10.3-2021.10.linux64_1.0.0.202111181127/tools/bin/../lib/gcc/arm-none-eabi/10.3.1/../../../../arm-none-eabi/lib/thumb/v7e-m+fp/hard/libc_nano.a(lib_a-malloc.o)
 .debug_frame   0x000000000000007c       0x20 /home/grzegorz/st/stm32cubeide_1.9.0_2/plugins/com.st.stm32cube.ide.mcu.externaltools.gnu-tools-for-stm32.10.3-2021.10.linux64_1.0.0.202111181127/tools/bin/../lib/gcc/arm-none-eabi/10.3.1/../../../../arm-none-eabi/lib/thumb/v7e-m+fp/hard/libc_nano.a(lib_a-memset.o)
 .debug_frame   0x000000000000009c       0x38 /home/grzegorz/st/stm32cubeide_1.9.0_2/plugins/com.st.stm32cube.ide.mcu.externaltools.gnu-tools-for-stm32.10.3-2021.10.linux64_1.0.0.202111181127/tools/bin/../lib/gcc/arm-none-eabi/10.3.1/../../../../arm-none-eabi/lib/thumb/v7e-m+fp/hard/libc_nano.a(lib_a-nano-freer.o)
 .debug_frame   0x00000000000000d4       0x4c /home/grzegorz/st/stm32cubeide_1.9.0_2/plugins/com.st.stm32cube.ide.mcu.externaltools.gnu-tools-for-stm32.10.3-2021.10.linux64_1.0.0.202111181127/tools/bin/../lib/gcc/arm-none-eabi/10.3.1/../../../../arm-none-eabi/lib/thumb/v7e-m+fp/hard/libc_nano.a(lib_a-nano-mallocr.o)
 .debug_frame   0x0000000000000120       0x2c /home/grzegorz/st/stm32cubeide_1.9.0_2/plugins/com.st.stm32cube.ide.mcu.externaltools.gnu-tools-for-stm32.10.3-2021.10.linux64_1.0.0.202111181127/tools/bin/../lib/gcc/arm-none-eabi/10.3.1/../../../../arm-none-eabi/lib/thumb/v7e-m+fp/hard/libc_nano.a(lib_a-sbrkr.o)
 .debug_frame   0x000000000000014c       0x30 /home/grzegorz/st/stm32cubeide_1.9.0_2/plugins/com.st.stm32cube.ide.mcu.externaltools.gnu-tools-for-stm32.10.3-2021.10.linux64_1.0.0.202111181127/tools/bin/../lib/gcc/arm-none-eabi/10.3.1/../../../../arm-none-eabi/lib/thumb/v7e-m+fp/hard/libc_nano.a(lib_a-mlock.o)
 .debug_frame   0x000000000000017c       0x5c /home/grzegorz/st/stm32cubeide_1.9.0_2/plugins/com.st.stm32cube.ide.mcu.externaltools.gnu-tools-for-stm32.10.3-2021.10.linux64_1.0.0.202111181127/tools/bin/../lib/gcc/arm-none-eabi/10.3.1/../../../../arm-none-eabi/lib/thumb/v7e-m+fp/hard/libc_nano.a(lib_a-reent.o)
 .debug_frame   0x00000000000001d8       0xb0 /home/grzegorz/st/stm32cubeide_1.9.0_2/plugins/com.st.stm32cube.ide.mcu.externaltools.gnu-tools-for-stm32.10.3-2021.10.linux64_1.0.0.202111181127/tools/bin/../lib/gcc/arm-none-eabi/10.3.1/../../../../arm-none-eabi/lib/thumb/v7e-m+fp/hard/libc_nano.a(lib_a-lock.o)
 .debug_frame   0x0000000000000288       0x2c /home/grzegorz/st/stm32cubeide_1.9.0_2/plugins/com.st.stm32cube.ide.mcu.externaltools.gnu-tools-for-stm32.10.3-2021.10.linux64_1.0.0.202111181127/tools/bin/../lib/gcc/arm-none-eabi/10.3.1/thumb/v7e-m+fp/hard/libgcc.a(_aeabi_uldivmod.o)
 .debug_frame   0x00000000000002b4       0x34 /home/grzegorz/st/stm32cubeide_1.9.0_2/plugins/com.st.stm32cube.ide.mcu.externaltools.gnu-tools-for-stm32.10.3-2021.10.linux64_1.0.0.202111181127/tools/bin/../lib/gcc/arm-none-eabi/10.3.1/thumb/v7e-m+fp/hard/libgcc.a(_udivmoddi4.o)
