../USB_DEVICE/Target/usbd_conf.c:67:6:HAL_PCD_MspInit	72	static
../USB_DEVICE/Target/usbd_conf.c:136:6:HAL_PCD_MspDeInit	8	static
../USB_DEVICE/Target/usbd_conf.c:187:6:HAL_PCD_SetupStageCallback	0	static
../USB_DEVICE/Target/usbd_conf.c:202:6:HAL_PCD_DataOutStageCallback	0	static
../USB_DEVICE/Target/usbd_conf.c:217:6:HAL_PCD_DataInStageCallback	0	static
../USB_DEVICE/Target/usbd_conf.c:231:6:HAL_PCD_SOFCallback	0	static
../USB_DEVICE/Target/usbd_conf.c:245:6:HAL_PCD_ResetCallback	8	static
../USB_DEVICE/Target/usbd_conf.c:278:6:HAL_PCD_SuspendCallback	8	static
../USB_DEVICE/Target/usbd_conf.c:303:6:HAL_PCD_ResumeCallback	0	static
../USB_DEVICE/Target/usbd_conf.c:321:6:HAL_PCD_ISOOUTIncompleteCallback	0	static
../USB_DEVICE/Target/usbd_conf.c:336:6:HAL_PCD_ISOINIncompleteCallback	0	static
../USB_DEVICE/Target/usbd_conf.c:350:6:HAL_PCD_ConnectCallback	0	static
../USB_DEVICE/Target/usbd_conf.c:364:6:HAL_PCD_DisconnectCallback	0	static
../USB_DEVICE/Target/usbd_conf.c:379:20:USBD_LL_Init	8	static
../USB_DEVICE/Target/usbd_conf.c:574:9:USBD_LL_IsStallEP	0	static
../USB_DEVICE/Target/usbd_conf.c:652:10:USBD_LL_GetRxDataSize	0	static
../USB_DEVICE/Target/usbd_conf.c:663:6:HAL_PCDEx_LPM_Callback	8	static
../USB_DEVICE/Target/usbd_conf.c:698:6:USBD_LL_Delay	0	static
../USB_DEVICE/Target/usbd_conf.c:719:20:USBD_Get_USB_Status	0	static
../USB_DEVICE/Target/usbd_conf.c:430:20:USBD_LL_DeInit	8	static
../USB_DEVICE/Target/usbd_conf.c:447:20:USBD_LL_Start	8	static
../USB_DEVICE/Target/usbd_conf.c:464:20:USBD_LL_Stop	8	static
../USB_DEVICE/Target/usbd_conf.c:484:20:USBD_LL_OpenEP	8	static
../USB_DEVICE/Target/usbd_conf.c:502:20:USBD_LL_CloseEP	8	static
../USB_DEVICE/Target/usbd_conf.c:520:20:USBD_LL_FlushEP	8	static
../USB_DEVICE/Target/usbd_conf.c:538:20:USBD_LL_StallEP	8	static
../USB_DEVICE/Target/usbd_conf.c:556:20:USBD_LL_ClearStallEP	8	static
../USB_DEVICE/Target/usbd_conf.c:594:20:USBD_LL_SetUSBAddress	8	static
../USB_DEVICE/Target/usbd_conf.c:614:20:USBD_LL_Transmit	8	static
../USB_DEVICE/Target/usbd_conf.c:634:20:USBD_LL_PrepareReceive	8	static
